/data/fbianchi/GitHub/DFTB/Hamiltonian.py:414: RuntimeWarning: invalid value encountered in divide
  Lc, Mc, Nc = (B.R - A.R) / d                    # bond direction cosines A -> B
  R =  0.0000 bohr   diag failed (Eigenvalues did not converge) -- H, S still stored
  R =  0.4000 bohr   E_band =    -6.906138 Ha =   -187.926 eV   S_max_offdiag = 0.94372
  R =  0.8000 bohr   E_band =    -4.730250 Ha =   -128.717 eV   S_max_offdiag = 0.80806
  R =  1.2000 bohr   E_band =    -4.209222 Ha =   -114.539 eV   S_max_offdiag = 0.70319
  R =  1.6000 bohr   E_band =    -3.880931 Ha =   -105.605 eV   S_max_offdiag = 0.58935
  R =  2.0000 bohr   E_band =    -3.589326 Ha =    -97.671 eV   S_max_offdiag = 0.46665
  R =  2.0800 bohr   E_band =    -3.541484 Ha =    -96.369 eV   S_max_offdiag = 0.44209
  R =  2.1600 bohr   E_band =    -3.486102 Ha =    -94.862 eV   S_max_offdiag = 0.42676
  R =  2.2400 bohr   E_band =    -3.440336 Ha =    -93.616 eV   S_max_offdiag = 0.41290
  R =  2.3200 bohr   E_band =    -3.391717 Ha =    -92.293 eV   S_max_offdiag = 0.39787
  R =  2.4000 bohr   E_band =    -3.348408 Ha =    -91.115 eV   S_max_offdiag = 0.38190
  R =  2.4800 bohr   E_band =    -3.306561 Ha =    -89.976 eV   S_max_offdiag = 0.36521
  R =  2.5600 bohr   E_band =    -3.266343 Ha =    -88.882 eV   S_max_offdiag = 0.34800
  R =  2.6400 bohr   E_band =    -3.230558 Ha =    -87.908 eV   S_max_offdiag = 0.33809
  R =  2.7200 bohr   E_band =    -3.202663 Ha =    -87.149 eV   S_max_offdiag = 0.32940
  R =  2.8000 bohr   E_band =    -3.181166 Ha =    -86.564 eV   S_max_offdiag = 0.31921
  R =  2.8800 bohr   E_band =    -3.159799 Ha =    -85.983 eV   S_max_offdiag = 0.30781
  R =  2.9600 bohr   E_band =    -3.140843 Ha =    -85.467 eV   S_max_offdiag = 0.29543
  R =  3.0400 bohr   E_band =    -3.122148 Ha =    -84.958 eV   S_max_offdiag = 0.28231
  R =  3.1200 bohr   E_band =    -3.105212 Ha =    -84.497 eV   S_max_offdiag = 0.26866
  R =  3.2000 bohr   E_band =    -3.088879 Ha =    -84.053 eV   S_max_offdiag = 0.25467
  R =  3.6000 bohr   E_band =    -3.019639 Ha =    -82.169 eV   S_max_offdiag = 0.18485
  R =  4.0000 bohr   E_band =    -2.963721 Ha =    -80.647 eV   S_max_offdiag = 0.12423
  R =  4.4000 bohr   E_band =    -2.917049 Ha =    -79.377 eV   S_max_offdiag = 0.07814
  R =  4.8000 bohr   E_band =    -2.879360 Ha =    -78.351 eV   S_max_offdiag = 0.04633
  R =  5.2000 bohr   E_band =    -2.850889 Ha =    -77.577 eV   S_max_offdiag = 0.02602
  R =  5.6000 bohr   E_band =    -2.830906 Ha =    -77.033 eV   S_max_offdiag = 0.01389
  R =  6.0000 bohr   E_band =    -2.817826 Ha =    -76.677 eV   S_max_offdiag = 0.00707
  R =  6.4000 bohr   E_band =    -2.809791 Ha =    -76.458 eV   S_max_offdiag = 0.00344
  R =  6.8000 bohr   E_band =    -2.805137 Ha =    -76.332 eV   S_max_offdiag = 0.00160
  R =  7.2000 bohr   E_band =    -2.802585 Ha =    -76.262 eV   S_max_offdiag = 0.00071
  R =  7.6000 bohr   E_band =    -2.801258 Ha =    -76.226 eV   S_max_offdiag = 0.00030
  R =  8.0000 bohr   E_band =    -2.800601 Ha =    -76.208 eV   S_max_offdiag = 0.00012

wrote CC_scan_HS.npz  (H, S shape (33, 8, 8)) and CC_scan_HS.txt
