step           E [Ha]      dE [Ha]  |g|max [Ha/a0]  step [a0]
   0     -12.08842206                     0.283190           
   1     -12.28432108    -1.96e-01        0.283190     0.2000
   2     -12.39942690    -1.15e-01        0.267656     0.2000
   3     -12.49377892    -9.44e-02        0.201342     0.2000
   4     -12.58479372    -9.10e-02        0.118914     0.2000
   5     -12.66611796    -8.13e-02        0.076166     0.2000
   6     -12.71357326    -4.75e-02        0.062408     0.2000
   7     -12.72157173    -8.00e-03        0.052167     0.2000
   8     -12.72457326    -3.00e-03        0.106893     0.2000
   9     -12.74905995    -2.45e-02        0.086761     0.1000
  10     -12.75239311    -3.33e-03        0.023907     0.0500
  11     -12.75409580    -1.70e-03        0.027172     0.0500
  12     -12.75586869    -1.77e-03        0.032782     0.0500
  13     -12.75675611    -8.87e-04        0.028793     0.0500
  14     -12.75765175    -8.96e-04        0.031161     0.0500
  15     -12.75826220    -6.10e-04        0.030365     0.0500
  16     -12.75874136    -4.79e-04        0.030692     0.0500
  17     -12.75909969    -3.58e-04        0.030560     0.0500
  18     -12.75943241    -3.33e-04        0.030968     0.0500
  19     -12.75954366    -1.11e-04        0.030222     0.0500
  20     -12.75988473    -3.41e-04        0.031555     0.0500
  21     -12.76166660    -1.78e-03        0.029594     0.0250
  22     -12.76184480    -1.78e-04        0.005908     0.0500
  23     -12.76196231    -1.18e-04        0.016179     0.0250
  24     -12.76242254    -4.60e-04        0.013927     0.0125
  25     -12.76246032    -3.78e-05        0.002506     0.0063
  26     -12.76248385    -2.35e-05        0.003627     0.0063
  27     -12.76250785    -2.40e-05        0.003887     0.0063
  28     -12.76252954    -2.17e-05        0.003903     0.0063
  29     -12.76254523    -1.57e-05        0.003801     0.0063
  30     -12.76256237    -1.71e-05        0.003915     0.0063
  31     -12.76257611    -1.37e-05        0.003884     0.0063
  32     -12.76258574    -9.63e-06        0.003792     0.0063
  33     -12.76260242    -1.67e-05        0.004072     0.0063
  34     -12.76260445    -2.03e-06        0.003646     0.0063
  35     -12.76262335    -1.89e-05        0.004198     0.0063
  36     -12.76265744    -3.41e-05        0.003548     0.0031
  37     -12.76266559    -8.16e-06        0.001255     0.0125
  38     -12.76266796    -2.37e-06        0.003834     0.0063
  39     -12.76267450    -6.54e-06        0.003976     0.0063
  40     -12.76267502    -5.20e-07        0.003798     0.0063
  41     -12.76268227    -7.25e-06        0.004008     0.0063
  42     -12.76271819    -3.59e-05        0.003770     0.0031

converged: True   steps: 42   E = -12.76271819 Ha   |g|max = 0.000905 Ha/a0
geometry -> opt_examp/benzene_dist_opt.xyz
trajectory -> opt_examp/benzene_dist_traj.xyz
