step           E [Ha]      dE [Ha]  |g|max [Ha/a0]  step [a0]
   0     -10.60520063                     0.182984           
   1     -10.68432973    -7.91e-02        0.182984     0.2000
   2     -10.73832314    -5.40e-02        0.119889     0.2000
   3     -10.78036178    -4.20e-02        0.071151     0.2000
   4     -10.80767602    -2.73e-02        0.036487     0.2000
   5     -10.81254496    -4.87e-03        0.030167     0.1000
   6     -10.81807984    -5.53e-03        0.039065     0.1000
   7     -10.82225899    -4.18e-03        0.030061     0.0500
   8     -10.82276135    -5.02e-04        0.028357     0.1000
   9     -10.82769696    -4.94e-03        0.039682     0.0500
  10     -10.82933587    -1.64e-03        0.017922     0.0500
  11     -10.83073882    -1.40e-03        0.014862     0.0250
  12     -10.83149544    -7.57e-04        0.016025     0.0500
  13     -10.83292966    -1.43e-03        0.018148     0.0250
  14     -10.83317419    -2.45e-04        0.011598     0.0500
  15     -10.83465060    -1.48e-03        0.020886     0.0250
  16     -10.83466291    -1.23e-05        0.007723     0.0500
  17     -10.83472308    -6.02e-05        0.023800     0.0500
  18     -10.83566253    -9.39e-04        0.027330     0.0500
  19     -10.83631488    -6.52e-04        0.016272     0.0250
  20     -10.83638478    -6.99e-05        0.010065     0.0250
  21     -10.83640987    -2.51e-05        0.010957     0.0250
  22     -10.83682901    -4.19e-04        0.014987     0.0250
  23     -10.83704513    -2.16e-04        0.008034     0.0125
  24     -10.83715199    -1.07e-04        0.004846     0.0125
  25     -10.83726939    -1.17e-04        0.006171     0.0125
  26     -10.83737992    -1.11e-04        0.006138     0.0125
  27     -10.83746825    -8.83e-05        0.005766     0.0125
  28     -10.83757835    -1.10e-04        0.006481     0.0125
  29     -10.83764602    -6.77e-05        0.005497     0.0125
  30     -10.83775614    -1.10e-04        0.006766     0.0125
  31     -10.83780497    -4.88e-05        0.005210     0.0125
  32     -10.83791765    -1.13e-04        0.007070     0.0125
  33     -10.83794909    -3.14e-05        0.004910     0.0125
  34     -10.83806615    -1.17e-04        0.007387     0.0125
  35     -10.83808130    -1.52e-05        0.004602     0.0125
  36     -10.83820411    -1.23e-04        0.007714     0.0125
  37     -10.83827559    -7.15e-05        0.004290     0.0063
  38     -10.83833913    -6.35e-05        0.002906     0.0125
  39     -10.83837016    -3.10e-05        0.005487     0.0125
  40     -10.83844635    -7.62e-05        0.006738     0.0125
  41     -10.83846160    -1.53e-05        0.005205     0.0125
  42     -10.83854691    -8.53e-05        0.007039     0.0125
  43     -10.83862199    -7.51e-05        0.004931     0.0063
  44     -10.83863989    -1.79e-05        0.002495     0.0250
  45     -10.83883676    -1.97e-04        0.009325     0.0125
  46     -10.83886823    -3.15e-05        0.002713     0.0063
  47     -10.83890748    -3.93e-05        0.003301     0.0063
  48     -10.83893565    -2.82e-05        0.002705     0.0063
  49     -10.83897518    -3.95e-05        0.003430     0.0063
  50     -10.83899740    -2.22e-05        0.002507     0.0063
  51     -10.83904115    -4.37e-05        0.003745     0.0063
  52     -10.83905647    -1.53e-05        0.002184     0.0063
  53     -10.83910648    -5.00e-05        0.004149     0.0063
  54     -10.83912057    -1.41e-05        0.001900     0.0063
  55     -10.83917014    -4.96e-05        0.004253     0.0063
  56     -10.83918261    -1.25e-05        0.001809     0.0063
  57     -10.83923103    -4.84e-05        0.004322     0.0063
  58     -10.83924102    -9.99e-06        0.001721     0.0063
  59     -10.83928976    -4.87e-05        0.004461     0.0063
  60     -10.83930013    -1.04e-05        0.001633     0.0063
  61     -10.83934572    -4.56e-05        0.004424     0.0063
  62     -10.83935053    -4.81e-06        0.001570     0.0063
  63     -10.83940044    -4.99e-05        0.004766     0.0063
  64     -10.83941423    -1.38e-05        0.001462     0.0063
  65     -10.83945108    -3.69e-05        0.004178     0.0063
  66     -10.83945451    -3.43e-06        0.001818     0.0063
  67     -10.83949482    -4.03e-05        0.004447     0.0063
  68     -10.83949625    -1.43e-06        0.001564     0.0063
  69     -10.83953980    -4.36e-05        0.004720     0.0063
  70     -10.83954087    -1.06e-06        0.001303     0.0063
  71     -10.83958743    -4.66e-05        0.005006     0.0062
  72     -10.83959738    -9.95e-06        0.001179     0.0063
  73     -10.83963346    -3.61e-05        0.004501     0.0063
  74     -10.83964742    -1.40e-05        0.001524     0.0031
  75     -10.83964807    -6.41e-07        0.001583     0.0063
  76     -10.83968151    -3.34e-05        0.004315     0.0063
  77     -10.83969500    -1.35e-05        0.001781     0.0031
  78     -10.83970782    -1.28e-05        0.001213     0.0031
  79     -10.83972126    -1.34e-05        0.001888     0.0031
  80     -10.83973386    -1.26e-05        0.001139     0.0031
  81     -10.83974703    -1.32e-05        0.001918     0.0031
  82     -10.83975911    -1.21e-05        0.001115     0.0031
  83     -10.83977195    -1.28e-05        0.001932     0.0031
  84     -10.83978347    -1.15e-05        0.001102     0.0031
  85     -10.83979601    -1.25e-05        0.001944     0.0031
  86     -10.83980698    -1.10e-05        0.001091     0.0031
  87     -10.83981925    -1.23e-05        0.001955     0.0031
  88     -10.83982970    -1.05e-05        0.001081     0.0031
  89     -10.83984170    -1.20e-05        0.001965     0.0031
  90     -10.83985166    -9.96e-06        0.001070     0.0031
  91     -10.83986343    -1.18e-05        0.001976     0.0031
  92     -10.83987293    -9.50e-06        0.001060     0.0031
  93     -10.83988448    -1.16e-05        0.001986     0.0031
  94     -10.83989354    -9.06e-06        0.001050     0.0031
  95     -10.83990490    -1.14e-05        0.001997     0.0031
  96     -10.83991355    -8.65e-06        0.001039     0.0031
  97     -10.83992472    -1.12e-05        0.002007     0.0031
