                               -----------------                                
                                    DIALECT                                     
                               -----------------                                
                                 version: 1.1.0                                 
                                                                                
            :::::::::::::::::::::::::::::::::::::::::::::::::::::::             
            ::                   Roland Mitric                   ::             
            ::  Institute of Physical and Theoretical Chemistry  ::             
            ::              University of Wuerzburg              ::             
        ::::::...................................................::::::         
        :: Contributors:                                             ::         
        :: --------                                                  ::         
        :: Richard Einsele       <richard.einsele@uni-wuerzburg.de>  ::         
        :: Joscha Hoche             <joscha.hoche@uni-wuerzburg.de>  ::         
        :: Xincheng Miao           <xincheng.miao@uni-wuerzburg.de>  ::         
        :: Luca Nils Philipp   <luca_nils.philipp@uni-wuerzburg.de>  ::         
        :::::::::::::::::::::::::::::::::::::::::::::::::::::::::::::::         
                                                                                
                                                                                
                                  SCC-Routine                                   
--------------------------------------------------------------------------------
max. iterations:          250
electronic temperature:   0 K
repulsive energy:         0.39383821292769 Hartree
                                                                                
SCC Iterations: all quantities are in atomic units 
-------------------------------------------------------------- 
Iter.         SCC Energy       Energy diff.           dq diff.
-------------------------------------------------------------- 
    1    -1.4561721529e1    0.0000000000000    3.0391413563e-2
    2    -1.4559763009e1   -1.9585200896e-3    2.7767824840e-2
    3    -1.4559224797e1   -5.3821233404e-4    7.1757583899e-6
    4    -1.4559224979e1    1.8271286706e-7    2.6304678985e-7
    5    -1.4559224979e1   1.1116618737e-10    1.4350189350e-8
    6    -1.4559224979e1  -4.9519499612e-11    1.4934699488e-9
    7    -1.4559224979e1   9.8339114629e-12   4.9885938488e-10
-------------------------------------------------------------- 
                        SCC converged                         
                                                                                 
dftb energy: -14.55922497937884 Hartree
dispersion energy:   0.00000000000000 Hartree
Total energy: -14.55922497937884 Hartree
-------------------------------------------------------------------------------- 
                                                       elapsed time:     0.00 s
                                                                                 
  Orb.    Occ.      Energy/Hartree |   Orb.    Occ.      Energy/Hartree
----------------------------------------------------------------------- 
MO:    1   2.00  -0.97421973112290 | MO:    2   2.00  -0.82356167320845
MO:    3   2.00  -0.82356158479136 | MO:    4   2.00  -0.60855020946311
MO:    5   2.00  -0.60854958459939 | MO:    6   2.00  -0.46941149245660
MO:    7   2.00  -0.45197067854299 | MO:    8   2.00  -0.37210355967523
MO:    9   2.00  -0.36241200255368 | MO:   10   2.00  -0.36241094150915
MO:   11   2.00  -0.35019618715529 | MO:   12   2.00  -0.28822915590129
MO:   13   2.00  -0.28822071319410 | MO:   14   2.00  -0.24178487391451
MO:   15   2.00  -0.24178305862863 | MO:   16   0.00   0.00255380942246
MO:   17   0.00   0.00255854610416 | MO:   18   0.00   0.17183215592510
MO:   19   0.00   0.56769289724965 | MO:   20   0.00   0.58236730352264
MO:   21   0.00   0.58240257937129 | MO:   22   0.00   0.87116365261411
MO:   23   0.00   0.87117385620116 | MO:   24   0.00   0.91910124318868
MO:   25   0.00   1.15581166425409 | MO:   26   0.00   1.15581317287443
MO:   27   0.00   1.16536634044173 | MO:   28   0.00   1.16537101538816
MO:   29   0.00   1.25088067675713 | MO:   30   0.00   1.68320069503558
----------------------------------------------------------------------- 
                                                                                
-------------------------------------------------------------------------------- 
                                                 total elapsed time:     0.03 s
                                                                                
                    :::::::::::::::::::::::::::::::::::::::                     
                    ::    Thank you for using DIALECT    ::                     
                    :::::::::::::::::::::::::::::::::::::::                     
                                                                                
