                               -----------------                                
                                    DIALECT                                     
                               -----------------                                
                                 version: 1.1.0                                 
                                                                                
            :::::::::::::::::::::::::::::::::::::::::::::::::::::::             
            ::                   Roland Mitric                   ::             
            ::  Institute of Physical and Theoretical Chemistry  ::             
            ::              University of Wuerzburg              ::             
        ::::::...................................................::::::         
        :: Contributors:                                             ::         
        :: --------                                                  ::         
        :: Richard Einsele       <richard.einsele@uni-wuerzburg.de>  ::         
        :: Joscha Hoche             <joscha.hoche@uni-wuerzburg.de>  ::         
        :: Xincheng Miao           <xincheng.miao@uni-wuerzburg.de>  ::         
        :: Luca Nils Philipp   <luca_nils.philipp@uni-wuerzburg.de>  ::         
        :::::::::::::::::::::::::::::::::::::::::::::::::::::::::::::::         
                                                                                
                                                                                
                                  SCC-Routine                                   
--------------------------------------------------------------------------------
max. iterations:          250
electronic temperature:   0 K
repulsive energy:         0.14387275856336 Hartree
                                                                                
SCC Iterations: all quantities are in atomic units 
-------------------------------------------------------------- 
Iter.         SCC Energy       Energy diff.           dq diff.
-------------------------------------------------------------- 
    1    -3.8559003114e0    0.0000000000000   1.1322097734e-15
    2    -3.8561911176e0    2.9080623398e-4   2.8793650732e-15
    3    -3.8561918685e0    7.5081851758e-7   1.9239639688e-15
    4    -3.8561918001e0   -6.8350016313e-8   5.8352756076e-16
    5    -3.8561917944e0   -5.7056386282e-9   1.4179812629e-15
    6    -3.8561917918e0   -2.5792967762e-9   8.2523259045e-16
    7    -3.8561917909e0  -8.8004270538e-10   7.9212876219e-16
-------------------------------------------------------------- 
                        SCC converged                         
                                                                                 
dftb energy:  -3.85619179094902 Hartree
dispersion energy:   0.00000000000000 Hartree
Total energy:  -3.85619179094902 Hartree
-------------------------------------------------------------------------------- 
                                                       elapsed time:     0.00 s
                                                                                 
  Orb.    Occ.      Energy/Hartree |   Orb.    Occ.      Energy/Hartree
----------------------------------------------------------------------- 
MO:    1   2.00  -0.77038256754335 | MO:    2   2.00  -0.47964215188882
MO:    3   2.00  -0.40612961821656 | MO:    4   2.00  -0.40612961821656
MO:    5   0.00  -0.17326750249679 | MO:    6   0.00   0.09163850391789
MO:    7   0.00   0.09163850391789 | MO:    8   0.00   2.31740016292713
----------------------------------------------------------------------- 
                                                                                
-------------------------------------------------------------------------------- 
                                                 total elapsed time:     0.02 s
                                                                                
                    :::::::::::::::::::::::::::::::::::::::                     
                    ::    Thank you for using DIALECT    ::                     
                    :::::::::::::::::::::::::::::::::::::::                     
                                                                                
