                               -----------------                                
                                    DIALECT                                     
                               -----------------                                
                                 version: 1.1.0                                 
                                                                                
            :::::::::::::::::::::::::::::::::::::::::::::::::::::::             
            ::                   Roland Mitric                   ::             
            ::  Institute of Physical and Theoretical Chemistry  ::             
            ::              University of Wuerzburg              ::             
        ::::::...................................................::::::         
        :: Contributors:                                             ::         
        :: --------                                                  ::         
        :: Richard Einsele       <richard.einsele@uni-wuerzburg.de>  ::         
        :: Joscha Hoche             <joscha.hoche@uni-wuerzburg.de>  ::         
        :: Xincheng Miao           <xincheng.miao@uni-wuerzburg.de>  ::         
        :: Luca Nils Philipp   <luca_nils.philipp@uni-wuerzburg.de>  ::         
        :::::::::::::::::::::::::::::::::::::::::::::::::::::::::::::::         
                                                                                
                                                                                
                                  SCC-Routine                                   
--------------------------------------------------------------------------------
max. iterations:          250
electronic temperature:   0 K
repulsive energy:         0.35156666467345 Hartree
                                                                                
SCC Iterations: all quantities are in atomic units 
-------------------------------------------------------------- 
Iter.         SCC Energy       Energy diff.           dq diff.
-------------------------------------------------------------- 
    1    -1.7957228305e1    0.0000000000000    7.2930051719e-2
    2    -1.7962951637e1    5.7233326585e-3    2.3499552195e-3
    3    -1.7962958973e1    7.3355909969e-6    1.2819489656e-3
    4    -1.7962951854e1   -7.1185250583e-6    1.8555398643e-4
    5    -1.7962951718e1   -1.3657687603e-7    2.6572951221e-5
    6    -1.7962951722e1    3.9742538149e-9    3.7207026551e-6
    7    -1.7962951721e1  -7.4348349699e-10    5.3179955597e-7
    8    -1.7962951721e1   1.1075940165e-10    7.4781907734e-8
    9    -1.7962951721e1  -1.3962164758e-11    1.0646358999e-8
   10    -1.7962951721e1   7.1729289175e-12    1.3557189600e-9
   11    -1.7962951721e1  -5.1159076975e-12   4.4239472567e-11
-------------------------------------------------------------- 
                        SCC converged                         
                                                                                 
dftb energy: -17.96295172106188 Hartree
dispersion energy:   0.00000000000000 Hartree
Total energy: -17.96295172106188 Hartree
-------------------------------------------------------------------------------- 
                                                       elapsed time:     0.00 s
                                                                                 
  Orb.    Occ.      Energy/Hartree |   Orb.    Occ.      Energy/Hartree
----------------------------------------------------------------------- 
MO:    1   2.00  -0.83903499622206 | MO:    2   2.00  -0.74685449570466
MO:    3   2.00  -0.74685433185260 | MO:    4   2.00  -0.61670416681737
MO:    5   2.00  -0.61670347429569 | MO:    6   2.00  -0.56341424125714
MO:    7   2.00  -0.50234234294030 | MO:    8   2.00  -0.46862804361311
MO:    9   2.00  -0.46480085374288 | MO:   10   2.00  -0.46479924096280
MO:   11   2.00  -0.41257119423211 | MO:   12   2.00  -0.40812600675525
MO:   13   2.00  -0.40812516581601 | MO:   14   2.00  -0.38132795749935
MO:   15   2.00  -0.38132536227044 | MO:   16   2.00  -0.35084665582309
MO:   17   2.00  -0.34348025814081 | MO:   18   2.00  -0.34347833149115
MO:   19   0.00   0.46671556839364 | MO:   20   0.00   0.46672435379852
MO:   21   0.00   0.47929705119143 | MO:   22   0.00   0.54915152450191
MO:   23   0.00   0.54916300192977 | MO:   24   0.00   0.60821193565636
MO:   25   0.00   0.63738516953844 | MO:   26   0.00   0.63739644462480
MO:   27   0.00   0.66772986862306 | MO:   28   0.00   0.76071849988015
MO:   29   0.00   0.76924567962152 | MO:   30   0.00   0.76924653681977
MO:   31   0.00   0.90351552076821 | MO:   32   0.00   0.96371543870559
MO:   33   0.00   0.96373165232461 | MO:   34   0.00   1.12913761561426
MO:   35   0.00   1.12913986088301 | MO:   36   0.00   1.24131304930769
----------------------------------------------------------------------- 
                                                                                
-------------------------------------------------------------------------------- 
                                                 total elapsed time:     0.04 s
                                                                                
                    :::::::::::::::::::::::::::::::::::::::                     
                    ::    Thank you for using DIALECT    ::                     
                    :::::::::::::::::::::::::::::::::::::::                     
                                                                                
