                               -----------------                                
                                    DIALECT                                     
                               -----------------                                
                                 version: 1.1.0                                 
                                                                                
            :::::::::::::::::::::::::::::::::::::::::::::::::::::::             
            ::                   Roland Mitric                   ::             
            ::  Institute of Physical and Theoretical Chemistry  ::             
            ::              University of Wuerzburg              ::             
        ::::::...................................................::::::         
        :: Contributors:                                             ::         
        :: --------                                                  ::         
        :: Richard Einsele       <richard.einsele@uni-wuerzburg.de>  ::         
        :: Joscha Hoche             <joscha.hoche@uni-wuerzburg.de>  ::         
        :: Xincheng Miao           <xincheng.miao@uni-wuerzburg.de>  ::         
        :: Luca Nils Philipp   <luca_nils.philipp@uni-wuerzburg.de>  ::         
        :::::::::::::::::::::::::::::::::::::::::::::::::::::::::::::::         
                                                                                
                                                                                
                                  SCC-Routine                                   
--------------------------------------------------------------------------------
max. iterations:          250
electronic temperature:   0 K
repulsive energy:         0.02482715355840 Hartree
                                                                                
SCC Iterations: all quantities are in atomic units 
-------------------------------------------------------------- 
Iter.         SCC Energy       Energy diff.           dq diff.
-------------------------------------------------------------- 
    1    -2.1865913815e0    0.0000000000000    1.0144763445e-1
    2    -2.1870294985e0    4.3811699058e-4    1.2691449224e-3
    3    -2.1870355206e0    6.0221561737e-6    5.8928985275e-4
    4    -2.1870340705e0   -1.4501533956e-6    1.3781436943e-5
    5    -2.1870340502e0   -2.0345580332e-8    2.9207592192e-7
    6    -2.1870340499e0  -2.6985613744e-10    4.2846658999e-9
    7    -2.1870340499e0  -3.6868286202e-12   5.8881705067e-11
-------------------------------------------------------------- 
                        SCC converged                         
                                                                                 
dftb energy:  -2.18703404987704 Hartree
dispersion energy:   0.00000000000000 Hartree
Total energy:  -2.18703404987704 Hartree
-------------------------------------------------------------------------------- 
                                                       elapsed time:     0.00 s
                                                                                 
  Orb.    Occ.      Energy/Hartree |   Orb.    Occ.      Energy/Hartree
----------------------------------------------------------------------- 
MO:    1   2.00  -0.66305198014630 | MO:    2   2.00  -0.38102435801595
MO:    3   1.00  -0.19546387094861 | MO:    4   0.00  -0.10374247445242
MO:    5   0.00   0.70191780716681 |
----------------------------------------------------------------------- 
                                                                                
-------------------------------------------------------------------------------- 
                                                 total elapsed time:     0.04 s
                                                                                
                    :::::::::::::::::::::::::::::::::::::::                     
                    ::    Thank you for using DIALECT    ::                     
                    :::::::::::::::::::::::::::::::::::::::                     
                                                                                
