                               -----------------                                
                                    DIALECT                                     
                               -----------------                                
                                 version: 1.1.0                                 
                                                                                
            :::::::::::::::::::::::::::::::::::::::::::::::::::::::             
            ::                   Roland Mitric                   ::             
            ::  Institute of Physical and Theoretical Chemistry  ::             
            ::              University of Wuerzburg              ::             
        ::::::...................................................::::::         
        :: Contributors:                                             ::         
        :: --------                                                  ::         
        :: Richard Einsele       <richard.einsele@uni-wuerzburg.de>  ::         
        :: Joscha Hoche             <joscha.hoche@uni-wuerzburg.de>  ::         
        :: Xincheng Miao           <xincheng.miao@uni-wuerzburg.de>  ::         
        :: Luca Nils Philipp   <luca_nils.philipp@uni-wuerzburg.de>  ::         
        :::::::::::::::::::::::::::::::::::::::::::::::::::::::::::::::         
                                                                                
                                                                                
                                  SCC-Routine                                   
--------------------------------------------------------------------------------
max. iterations:          250
electronic temperature:   0 K
repulsive energy:         0.18980479350832 Hartree
                                                                                
SCC Iterations: all quantities are in atomic units 
-------------------------------------------------------------- 
Iter.         SCC Energy       Energy diff.           dq diff.
-------------------------------------------------------------- 
    1    -5.9158132810e0    0.0000000000000    1.5246823706e-1
    2    -5.9199056734e0    4.0923923631e-3    2.1028691289e-1
    3    -5.9203357686e0    4.3009522302e-4    6.5526063424e-2
    4    -5.9205362458e0    2.0047722703e-4    5.7781986998e-3
    5    -5.9205248753e0   -1.1370543211e-5    1.5763553453e-4
    6    -5.9205245244e0   -3.5090990380e-7    9.2956103893e-6
    7    -5.9205245035e0   -2.0918036192e-8    6.9809731558e-7
    8    -5.9205245020e0   -1.4793588576e-9    5.1964778300e-8
    9    -5.9205245019e0  -1.0874501299e-10    4.0033406173e-9
   10    -5.9205245019e0  -8.3435480747e-12   3.2997697630e-10
-------------------------------------------------------------- 
                        SCC converged                         
                                                                                 
dftb energy:  -5.92052450187625 Hartree
dispersion energy:   0.00000000000000 Hartree
Total energy:  -5.92052450187625 Hartree
-------------------------------------------------------------------------------- 
                                                       elapsed time:     0.00 s
                                                                                 
  Orb.    Occ.      Energy/Hartree |   Orb.    Occ.      Energy/Hartree
----------------------------------------------------------------------- 
MO:    1   2.00  -1.05085400983630 | MO:    2   2.00  -0.60074366488859
MO:    3   2.00  -0.51512374730868 | MO:    4   2.00  -0.51512374730868
MO:    5   2.00  -0.42618095052965 | MO:    6   0.00   0.08001306571867
MO:    7   0.00   0.08001306571867 | MO:    8   0.00   2.63042887076683
----------------------------------------------------------------------- 
                                                                                
-------------------------------------------------------------------------------- 
                                                 total elapsed time:     0.05 s
                                                                                
                    :::::::::::::::::::::::::::::::::::::::                     
                    ::    Thank you for using DIALECT    ::                     
                    :::::::::::::::::::::::::::::::::::::::                     
                                                                                
