                               -----------------                                
                                    DIALECT                                     
                               -----------------                                
                                 version: 1.1.0                                 
                                                                                
            :::::::::::::::::::::::::::::::::::::::::::::::::::::::             
            ::                   Roland Mitric                   ::             
            ::  Institute of Physical and Theoretical Chemistry  ::             
            ::              University of Wuerzburg              ::             
        ::::::...................................................::::::         
        :: Contributors:                                             ::         
        :: --------                                                  ::         
        :: Richard Einsele       <richard.einsele@uni-wuerzburg.de>  ::         
        :: Joscha Hoche             <joscha.hoche@uni-wuerzburg.de>  ::         
        :: Xincheng Miao           <xincheng.miao@uni-wuerzburg.de>  ::         
        :: Luca Nils Philipp   <luca_nils.philipp@uni-wuerzburg.de>  ::         
        :::::::::::::::::::::::::::::::::::::::::::::::::::::::::::::::         
                                                                                
                                                                                
                                  SCC-Routine                                   
--------------------------------------------------------------------------------
max. iterations:          250
electronic temperature:   0 K
repulsive energy:         0.17372882025899 Hartree
                                                                                
SCC Iterations: all quantities are in atomic units 
-------------------------------------------------------------- 
Iter.         SCC Energy       Energy diff.           dq diff.
-------------------------------------------------------------- 
    1    -1.0732825406e1    0.0000000000000    2.7988559894e-1
    2    -1.0743774795e1    1.0949388989e-2    8.3550223842e-2
    3    -1.0743964802e1    1.9000656209e-4    1.2964811331e-2
    4    -1.0744002392e1    3.7590326428e-5    6.0218930772e-4
    5    -1.0743998308e1   -4.0843600644e-6    3.1279209023e-5
    6    -1.0743998097e1   -2.1075689460e-7    2.3311696017e-6
    7    -1.0743998083e1   -1.4040885787e-8    2.8812398492e-7
    8    -1.0743998082e1  -9.8686392391e-10    4.0463865152e-8
    9    -1.0743998082e1  -8.0492057464e-11    6.8365798707e-9
   10    -1.0743998082e1  -6.3131722072e-12    1.1469218363e-9
   11    -1.0743998082e1  -2.3199220323e-12   1.9007940046e-10
-------------------------------------------------------------- 
                        SCC converged                         
                                                                                 
dftb energy: -10.74399808201960 Hartree
dispersion energy:   0.00000000000000 Hartree
Total energy: -10.74399808201960 Hartree
-------------------------------------------------------------------------------- 
                                                       elapsed time:     0.00 s
                                                                                 
  Orb.    Occ.      Energy/Hartree |   Orb.    Occ.      Energy/Hartree
----------------------------------------------------------------------- 
MO:    1   2.00  -0.95981666017640 | MO:    2   2.00  -0.75561552973362
MO:    3   2.00  -0.62093604763485 | MO:    4   2.00  -0.50009172479163
MO:    5   2.00  -0.47273235256403 | MO:    6   2.00  -0.46130355171399
MO:    7   2.00  -0.41914680240547 | MO:    8   2.00  -0.40622710230481
MO:    9   2.00  -0.36396760110863 | MO:   10   2.00  -0.32458303912869
MO:   11   0.00   0.50027176000288 | MO:   12   0.00   0.55216127971629
MO:   13   0.00   0.58898390596982 | MO:   14   0.00   0.69619624650316
MO:   15   0.00   0.74067537119351 | MO:   16   0.00   0.87443999108124
MO:   17   0.00   0.96603479717689 | MO:   18   0.00   1.17016744130000
----------------------------------------------------------------------- 
                                                                                
-------------------------------------------------------------------------------- 
                                                 total elapsed time:     0.06 s
                                                                                
                    :::::::::::::::::::::::::::::::::::::::                     
                    ::    Thank you for using DIALECT    ::                     
                    :::::::::::::::::::::::::::::::::::::::                     
                                                                                
