                               -----------------                                
                                    DIALECT                                     
                               -----------------                                
                                 version: 1.1.0                                 
                                                                                
            :::::::::::::::::::::::::::::::::::::::::::::::::::::::             
            ::                   Roland Mitric                   ::             
            ::  Institute of Physical and Theoretical Chemistry  ::             
            ::              University of Wuerzburg              ::             
        ::::::...................................................::::::         
        :: Contributors:                                             ::         
        :: --------                                                  ::         
        :: Richard Einsele       <richard.einsele@uni-wuerzburg.de>  ::         
        :: Joscha Hoche             <joscha.hoche@uni-wuerzburg.de>  ::         
        :: Xincheng Miao           <xincheng.miao@uni-wuerzburg.de>  ::         
        :: Luca Nils Philipp   <luca_nils.philipp@uni-wuerzburg.de>  ::         
        :::::::::::::::::::::::::::::::::::::::::::::::::::::::::::::::         
                                                                                
                                                                                
                                  SCC-Routine                                   
--------------------------------------------------------------------------------
max. iterations:          250
electronic temperature:   0 K
repulsive energy:         0.34316444327834 Hartree
                                                                                
SCC Iterations: all quantities are in atomic units 
-------------------------------------------------------------- 
Iter.         SCC Energy       Energy diff.           dq diff.
-------------------------------------------------------------- 
    1    -2.3790677986e1    0.0000000000000    9.8398334440e-2
    2    -2.3766600520e1   -2.4077466223e-2    5.9041817843e-2
    3    -2.3756117956e1   -1.0482564109e-2    1.4618069551e-2
    4    -2.3756027094e1   -9.0861198391e-5    3.6270370346e-3
    5    -2.3756596371e1    5.6927708885e-4    4.4339869288e-4
    6    -2.3756600705e1    4.3334456556e-6    4.1741008116e-5
    7    -2.3756596978e1   -3.7267410598e-6    2.1380618436e-5
    8    -2.3756595636e1   -1.3420427862e-6    4.4858490301e-6
    9    -2.3756596430e1    7.9418503063e-7    6.0132838024e-7
   10    -2.3756596333e1   -9.6885049317e-8    5.3313596865e-8
   11    -2.3756596329e1   -4.4791086395e-9    1.5270612989e-8
   12    -2.3756596329e1   2.2200552507e-10    1.2542865169e-9
   13    -2.3756596329e1   4.7197801223e-11   1.3834059600e-10
-------------------------------------------------------------- 
                        SCC converged                         
                                                                                 
dftb energy: -23.75659632921964 Hartree
dispersion energy:   0.00000000000000 Hartree
Total energy: -23.75659632921964 Hartree
-------------------------------------------------------------------------------- 
                                                       elapsed time:     0.00 s
                                                                                 
  Orb.    Occ.      Energy/Hartree |   Orb.    Occ.      Energy/Hartree
----------------------------------------------------------------------- 
MO:    1   2.00  -1.06590182903934 | MO:    2   2.00  -0.93264436573321
MO:    3   2.00  -0.87463295224942 | MO:    4   2.00  -0.84085096024242
MO:    5   2.00  -0.73869461514056 | MO:    6   2.00  -0.63136927209277
MO:    7   2.00  -0.61382081598995 | MO:    8   2.00  -0.55733522464636
MO:    9   2.00  -0.47963245866989 | MO:   10   2.00  -0.44741651776699
MO:   11   2.00  -0.42260358613214 | MO:   12   2.00  -0.40463462254745
MO:   13   2.00  -0.39507161810758 | MO:   14   2.00  -0.37286713304797
MO:   15   2.00  -0.36457579542415 | MO:   16   2.00  -0.33875202348838
MO:   17   2.00  -0.32632515443682 | MO:   18   2.00  -0.32147402422852
MO:   19   2.00  -0.29868921455901 | MO:   20   2.00  -0.29489677340215
MO:   21   2.00  -0.28271679059346 | MO:   22   2.00  -0.23019878196867
MO:   23   2.00  -0.22340179343054 | MO:   24   1.00  -0.15470250055917
MO:   25   0.00   0.36771804752436 | MO:   26   0.00   0.39372601180080
MO:   27   0.00   0.43733050746290 | MO:   28   0.00   0.48952807357704
MO:   29   0.00   0.49838224181950 | MO:   30   0.00   0.51682500318094
MO:   31   0.00   0.57438289196728 | MO:   32   0.00   0.59250078314336
MO:   33   0.00   0.63334913017572 | MO:   34   0.00   0.68361532661715
MO:   35   0.00   0.69112506979321 | MO:   36   0.00   0.72942314727687
MO:   37   0.00   0.75468784085530 | MO:   38   0.00   0.79001365332839
MO:   39   0.00   0.82530469474800 | MO:   40   0.00   0.87303527980815
MO:   41   0.00   0.94530016238960 | MO:   42   0.00   0.99224959334643
MO:   43   0.00   1.09657734433671 | MO:   44   0.00   1.13980752788578
----------------------------------------------------------------------- 
                                                                                
-------------------------------------------------------------------------------- 
                                                 total elapsed time:     0.10 s
                                                                                
                    :::::::::::::::::::::::::::::::::::::::                     
                    ::    Thank you for using DIALECT    ::                     
                    :::::::::::::::::::::::::::::::::::::::                     
                                                                                
