                               -----------------                                
                                    DIALECT                                     
                               -----------------                                
                                 version: 1.1.0                                 
                                                                                
            :::::::::::::::::::::::::::::::::::::::::::::::::::::::             
            ::                   Roland Mitric                   ::             
            ::  Institute of Physical and Theoretical Chemistry  ::             
            ::              University of Wuerzburg              ::             
        ::::::...................................................::::::         
        :: Contributors:                                             ::         
        :: --------                                                  ::         
        :: Richard Einsele       <richard.einsele@uni-wuerzburg.de>  ::         
        :: Joscha Hoche             <joscha.hoche@uni-wuerzburg.de>  ::         
        :: Xincheng Miao           <xincheng.miao@uni-wuerzburg.de>  ::         
        :: Luca Nils Philipp   <luca_nils.philipp@uni-wuerzburg.de>  ::         
        :::::::::::::::::::::::::::::::::::::::::::::::::::::::::::::::         
                                                                                
                                                                                
                                  SCC-Routine                                   
--------------------------------------------------------------------------------
max. iterations:          250
electronic temperature:   0 K
repulsive energy:         0.21189358808356 Hartree
                                                                                
SCC Iterations: all quantities are in atomic units 
-------------------------------------------------------------- 
Iter.         SCC Energy       Energy diff.           dq diff.
-------------------------------------------------------------- 
    1    -5.5739194094e0    0.0000000000000   6.1734789611e-16
    2    -5.5739194094e0  -8.8817841970e-16   1.2234436101e-15
-------------------------------------------------------------- 
                        SCC converged                         
                                                                                 
dftb energy:  -5.57391940939672 Hartree
dispersion energy:   0.00000000000000 Hartree
Total energy:  -5.57391940939672 Hartree
-------------------------------------------------------------------------------- 
                                                       elapsed time:     0.00 s
                                                                                 
  Orb.    Occ.      Energy/Hartree |   Orb.    Occ.      Energy/Hartree
----------------------------------------------------------------------- 
MO:    1   2.00  -1.09152805525213 | MO:    2   2.00  -0.60010618193282
MO:    3   2.00  -0.43291449315781 | MO:    4   2.00  -0.43291449315781
MO:    5   2.00  -0.33544327523956 | MO:    6   0.00   0.02933652616612
MO:    7   0.00   0.02933652616612 | MO:    8   0.00   2.61637609286555
----------------------------------------------------------------------- 
                                                                                
-------------------------------------------------------------------------------- 
                                                 total elapsed time:     0.01 s
                                                                                
                    :::::::::::::::::::::::::::::::::::::::                     
                    ::    Thank you for using DIALECT    ::                     
                    :::::::::::::::::::::::::::::::::::::::                     
                                                                                
