                               -----------------                                
                                    DIALECT                                     
                               -----------------                                
                                 version: 1.1.0                                 
                                                                                
            :::::::::::::::::::::::::::::::::::::::::::::::::::::::             
            ::                   Roland Mitric                   ::             
            ::  Institute of Physical and Theoretical Chemistry  ::             
            ::              University of Wuerzburg              ::             
        ::::::...................................................::::::         
        :: Contributors:                                             ::         
        :: --------                                                  ::         
        :: Richard Einsele       <richard.einsele@uni-wuerzburg.de>  ::         
        :: Joscha Hoche             <joscha.hoche@uni-wuerzburg.de>  ::         
        :: Xincheng Miao           <xincheng.miao@uni-wuerzburg.de>  ::         
        :: Luca Nils Philipp   <luca_nils.philipp@uni-wuerzburg.de>  ::         
        :::::::::::::::::::::::::::::::::::::::::::::::::::::::::::::::         
                                                                                
                                                                                
                                  SCC-Routine                                   
--------------------------------------------------------------------------------
max. iterations:          250
electronic temperature:   0 K
repulsive energy:         0.02915786815138 Hartree
                                                                                
SCC Iterations: all quantities are in atomic units 
-------------------------------------------------------------- 
Iter.         SCC Energy       Energy diff.           dq diff.
-------------------------------------------------------------- 
    1    -3.1052817783e0    0.0000000000000    2.3309608568e-1
    2    -3.1058297326e0    5.4795429020e-4    2.8161283678e-2
    3    -3.1058299804e0    2.4776847685e-7    5.3345299698e-4
    4    -3.1058298467e0   -1.3371443819e-7    4.0745489751e-5
    5    -3.1058298257e0   -2.0976381521e-8    4.4174813415e-6
    6    -3.1058298234e0   -2.3169288710e-9    4.7566818512e-7
    7    -3.1058298231e0  -2.5005197912e-10    5.1194087969e-8
    8    -3.1058298231e0  -2.6920243812e-11    5.5095724649e-9
    9    -3.1058298231e0  -2.8990143619e-12   5.9294466559e-10
-------------------------------------------------------------- 
                        SCC converged                         
                                                                                 
dftb energy:  -3.10582982310278 Hartree
dispersion energy:   0.00000000000000 Hartree
Total energy:  -3.10582982310278 Hartree
-------------------------------------------------------------------------------- 
                                                       elapsed time:     0.00 s
                                                                                 
  Orb.    Occ.      Energy/Hartree |   Orb.    Occ.      Energy/Hartree
----------------------------------------------------------------------- 
MO:    1   2.00  -0.82520232298680 | MO:    2   2.00  -0.42876893376017
MO:    3   2.00  -0.34866086745808 | MO:    4   0.00  -0.15124040442593
MO:    5   0.00   0.72541088459541 |
----------------------------------------------------------------------- 
                                                                                
-------------------------------------------------------------------------------- 
                                                 total elapsed time:     0.04 s
                                                                                
                    :::::::::::::::::::::::::::::::::::::::                     
                    ::    Thank you for using DIALECT    ::                     
                    :::::::::::::::::::::::::::::::::::::::                     
                                                                                
