                               -----------------                                
                                    DIALECT                                     
                               -----------------                                
                                 version: 1.1.0                                 
                                                                                
            :::::::::::::::::::::::::::::::::::::::::::::::::::::::             
            ::                   Roland Mitric                   ::             
            ::  Institute of Physical and Theoretical Chemistry  ::             
            ::              University of Wuerzburg              ::             
        ::::::...................................................::::::         
        :: Contributors:                                             ::         
        :: --------                                                  ::         
        :: Richard Einsele       <richard.einsele@uni-wuerzburg.de>  ::         
        :: Joscha Hoche             <joscha.hoche@uni-wuerzburg.de>  ::         
        :: Xincheng Miao           <xincheng.miao@uni-wuerzburg.de>  ::         
        :: Luca Nils Philipp   <luca_nils.philipp@uni-wuerzburg.de>  ::         
        :::::::::::::::::::::::::::::::::::::::::::::::::::::::::::::::         
                                                                                
                                                                                
                                  SCC-Routine                                   
--------------------------------------------------------------------------------
max. iterations:          250
electronic temperature:   0 K
repulsive energy:         0.25555643435590 Hartree
                                                                                
SCC Iterations: all quantities are in atomic units 
-------------------------------------------------------------- 
Iter.         SCC Energy       Energy diff.           dq diff.
-------------------------------------------------------------- 
    1    -2.2028422949e1    0.0000000000000    1.1006509050e-1
    2    -2.2000668620e1   -2.7754328668e-2    1.0530256331e-1
    3    -2.1993658308e1   -7.0103123804e-3    8.3801256438e-3
    4    -2.1994440137e1    7.8182912929e-4    9.2393838886e-4
    5    -2.1994362293e1   -7.7844060087e-5    1.4849134242e-4
    6    -2.1994361090e1   -1.2034171597e-6    1.5511223903e-5
    7    -2.1994361379e1    2.8901953542e-7    4.9660263565e-6
    8    -2.1994361824e1    4.4551475753e-7    3.0318756303e-7
    9    -2.1994361802e1   -2.2480485029e-8    3.0078634352e-9
   10    -2.1994361802e1   3.4854608089e-10    1.6089540874e-9
   11    -2.1994361802e1   5.3780979670e-11   1.6034924054e-10
-------------------------------------------------------------- 
                        SCC converged                         
                                                                                 
dftb energy: -21.99436180212491 Hartree
dispersion energy:   0.00000000000000 Hartree
Total energy: -21.99436180212491 Hartree
-------------------------------------------------------------------------------- 
                                                       elapsed time:     0.00 s
                                                                                 
  Orb.    Occ.      Energy/Hartree |   Orb.    Occ.      Energy/Hartree
----------------------------------------------------------------------- 
MO:    1   2.00  -1.08217268658507 | MO:    2   2.00  -0.99511849926366
MO:    3   2.00  -0.89827044594407 | MO:    4   2.00  -0.75753108620732
MO:    5   2.00  -0.70615434812843 | MO:    6   2.00  -0.59036382881946
MO:    7   2.00  -0.58747242016162 | MO:    8   2.00  -0.45850482212303
MO:    9   2.00  -0.45636959106437 | MO:   10   2.00  -0.42717044300957
MO:   11   2.00  -0.40428942619022 | MO:   12   2.00  -0.38481864876958
MO:   13   2.00  -0.36986333433883 | MO:   14   2.00  -0.36469766848686
MO:   15   2.00  -0.34566121424963 | MO:   16   2.00  -0.30940338722602
MO:   17   2.00  -0.30807960589961 | MO:   18   2.00  -0.28460123931921
MO:   19   2.00  -0.26515108962067 | MO:   20   2.00  -0.24534367697104
MO:   21   2.00  -0.21585370546738 | MO:   22   0.00   0.42640427038727
MO:   23   0.00   0.43824758271308 | MO:   24   0.00   0.45603213333283
MO:   25   0.00   0.51179381328825 | MO:   26   0.00   0.53719030453608
MO:   27   0.00   0.55174853910107 | MO:   28   0.00   0.57747853629676
MO:   29   0.00   0.63333600878138 | MO:   30   0.00   0.65119425865386
MO:   31   0.00   0.67707279670217 | MO:   32   0.00   0.73165289573083
MO:   33   0.00   0.73470845195788 | MO:   34   0.00   0.86194002215834
MO:   35   0.00   0.93926931894636 | MO:   36   0.00   0.97651811237014
MO:   37   0.00   1.03983082537850 | MO:   38   0.00   1.13958663158411
----------------------------------------------------------------------- 
                                                                                
-------------------------------------------------------------------------------- 
                                                 total elapsed time:     0.06 s
                                                                                
                    :::::::::::::::::::::::::::::::::::::::                     
                    ::    Thank you for using DIALECT    ::                     
                    :::::::::::::::::::::::::::::::::::::::                     
                                                                                
