                               -----------------                                
                                    DIALECT                                     
                               -----------------                                
                                 version: 1.1.0                                 
                                                                                
            :::::::::::::::::::::::::::::::::::::::::::::::::::::::             
            ::                   Roland Mitric                   ::             
            ::  Institute of Physical and Theoretical Chemistry  ::             
            ::              University of Wuerzburg              ::             
        ::::::...................................................::::::         
        :: Contributors:                                             ::         
        :: --------                                                  ::         
        :: Richard Einsele       <richard.einsele@uni-wuerzburg.de>  ::         
        :: Joscha Hoche             <joscha.hoche@uni-wuerzburg.de>  ::         
        :: Xincheng Miao           <xincheng.miao@uni-wuerzburg.de>  ::         
        :: Luca Nils Philipp   <luca_nils.philipp@uni-wuerzburg.de>  ::         
        :::::::::::::::::::::::::::::::::::::::::::::::::::::::::::::::         
                                                                                
                                                                                
                                  SCC-Routine                                   
--------------------------------------------------------------------------------
max. iterations:          250
electronic temperature:   0 K
repulsive energy:         0.21028115517806 Hartree
                                                                                
SCC Iterations: all quantities are in atomic units 
-------------------------------------------------------------- 
Iter.         SCC Energy       Energy diff.           dq diff.
-------------------------------------------------------------- 
    1    -1.9035203924e1    0.0000000000000    6.6534563353e-2
    2    -1.9019379528e1   -1.5824396221e-2    5.7931858237e-2
    3    -1.9014661606e1   -4.7179222666e-3    5.7527303689e-3
    4    -1.9015098383e1    4.3677703691e-4    4.3920052661e-4
    5    -1.9015054028e1   -4.4355381078e-5    1.6895618662e-4
    6    -1.9015051426e1   -2.6016686903e-6    5.0456198726e-6
    7    -1.9015051332e1   -9.3455245320e-8    2.1016655001e-6
    8    -1.9015051493e1    1.6021748905e-7    1.4715616484e-7
    9    -1.9015051487e1   -6.1159148856e-9   8.9608060254e-10
   10    -1.9015051487e1  -2.1216806090e-11   7.5810106183e-10
-------------------------------------------------------------- 
                        SCC converged                         
                                                                                 
dftb energy: -19.01505148653720 Hartree
dispersion energy:   0.00000000000000 Hartree
Total energy: -19.01505148653720 Hartree
-------------------------------------------------------------------------------- 
                                                       elapsed time:     0.00 s
                                                                                 
  Orb.    Occ.      Energy/Hartree |   Orb.    Occ.      Energy/Hartree
----------------------------------------------------------------------- 
MO:    1   2.00  -1.10313594538122 | MO:    2   2.00  -0.92873483440226
MO:    3   2.00  -0.90288224670586 | MO:    4   2.00  -0.72743581889333
MO:    5   2.00  -0.67048145850573 | MO:    6   2.00  -0.58092376497500
MO:    7   2.00  -0.45933510505487 | MO:    8   2.00  -0.45174085430783
MO:    9   2.00  -0.43279777490282 | MO:   10   2.00  -0.40639023919221
MO:   11   2.00  -0.38913466461971 | MO:   12   2.00  -0.35107047605917
MO:   13   2.00  -0.34993357627481 | MO:   14   2.00  -0.32843635939180
MO:   15   2.00  -0.32270537049134 | MO:   16   2.00  -0.28942366382714
MO:   17   2.00  -0.23771763623124 | MO:   18   2.00  -0.22177889830931
MO:   19   0.00   0.14247477892386 | MO:   20   0.00   0.43967733463475
MO:   21   0.00   0.44118443661932 | MO:   22   0.00   0.46089341753539
MO:   23   0.00   0.52469048876516 | MO:   24   0.00   0.55285757875004
MO:   25   0.00   0.58959787440668 | MO:   26   0.00   0.68721766250701
MO:   27   0.00   0.69660837920834 | MO:   28   0.00   0.74141584897364
MO:   29   0.00   0.85021639718650 | MO:   30   0.00   0.93171095155231
MO:   31   0.00   1.02934290521034 | MO:   32   0.00   1.13714364215258
----------------------------------------------------------------------- 
                                                                                
-------------------------------------------------------------------------------- 
                                                 total elapsed time:     0.06 s
                                                                                
                    :::::::::::::::::::::::::::::::::::::::                     
                    ::    Thank you for using DIALECT    ::                     
                    :::::::::::::::::::::::::::::::::::::::                     
                                                                                
