                               -----------------                                
                                    DIALECT                                     
                               -----------------                                
                                 version: 1.1.0                                 
                                                                                
            :::::::::::::::::::::::::::::::::::::::::::::::::::::::             
            ::                   Roland Mitric                   ::             
            ::  Institute of Physical and Theoretical Chemistry  ::             
            ::              University of Wuerzburg              ::             
        ::::::...................................................::::::         
        :: Contributors:                                             ::         
        :: --------                                                  ::         
        :: Richard Einsele       <richard.einsele@uni-wuerzburg.de>  ::         
        :: Joscha Hoche             <joscha.hoche@uni-wuerzburg.de>  ::         
        :: Xincheng Miao           <xincheng.miao@uni-wuerzburg.de>  ::         
        :: Luca Nils Philipp   <luca_nils.philipp@uni-wuerzburg.de>  ::         
        :::::::::::::::::::::::::::::::::::::::::::::::::::::::::::::::         
                                                                                
                                                                                
                                  SCC-Routine                                   
--------------------------------------------------------------------------------
max. iterations:          250
electronic temperature:   0 K
repulsive energy:         0.03738295534982 Hartree
                                                                                
SCC Iterations: all quantities are in atomic units 
-------------------------------------------------------------- 
Iter.         SCC Energy       Energy diff.           dq diff.
-------------------------------------------------------------- 
    1    -7.5570121523e0    0.0000000000000   5.5026084918e-15
    2    -7.5570128602e0    7.0785011808e-7   2.2183634044e-15
    3    -7.5570128688e0    8.6798124244e-9   2.0611201497e-15
    4    -7.5570128689e0   9.4447116794e-11   2.6096145852e-15
-------------------------------------------------------------- 
                        SCC converged                         
                                                                                 
dftb energy:  -7.55701286893686 Hartree
dispersion energy:   0.00000000000000 Hartree
Total energy:  -7.55701286893686 Hartree
-------------------------------------------------------------------------------- 
                                                       elapsed time:     0.00 s
                                                                                 
  Orb.    Occ.      Energy/Hartree |   Orb.    Occ.      Energy/Hartree
----------------------------------------------------------------------- 
MO:    1   2.00  -1.13933350864682 | MO:    2   2.00  -0.83759482263732
MO:    3   2.00  -0.54200263763012 | MO:    4   2.00  -0.53233394759301
MO:    5   2.00  -0.52318815750021 | MO:    6   2.00  -0.29910308000710
MO:    7   0.00  -0.10064807231189 | MO:    8   0.00   0.94847011835445
----------------------------------------------------------------------- 
                                                                                
-------------------------------------------------------------------------------- 
                                                 total elapsed time:     0.02 s
                                                                                
                    :::::::::::::::::::::::::::::::::::::::                     
                    ::    Thank you for using DIALECT    ::                     
                    :::::::::::::::::::::::::::::::::::::::                     
                                                                                
