                               -----------------                                
                                    DIALECT                                     
                               -----------------                                
                                 version: 1.1.0                                 
                                                                                
            :::::::::::::::::::::::::::::::::::::::::::::::::::::::             
            ::                   Roland Mitric                   ::             
            ::  Institute of Physical and Theoretical Chemistry  ::             
            ::              University of Wuerzburg              ::             
        ::::::...................................................::::::         
        :: Contributors:                                             ::         
        :: --------                                                  ::         
        :: Richard Einsele       <richard.einsele@uni-wuerzburg.de>  ::         
        :: Joscha Hoche             <joscha.hoche@uni-wuerzburg.de>  ::         
        :: Xincheng Miao           <xincheng.miao@uni-wuerzburg.de>  ::         
        :: Luca Nils Philipp   <luca_nils.philipp@uni-wuerzburg.de>  ::         
        :::::::::::::::::::::::::::::::::::::::::::::::::::::::::::::::         
                                                                                
                                                                                
                                  SCC-Routine                                   
--------------------------------------------------------------------------------
max. iterations:          250
electronic temperature:   0 K
repulsive energy:         1.16142008854872 Hartree
                                                                                
SCC Iterations: all quantities are in atomic units 
-------------------------------------------------------------- 
Iter.         SCC Energy       Energy diff.           dq diff.
-------------------------------------------------------------- 
    1    -7.2136748345e1    0.0000000000000    2.6479500134e-1
    2    -7.2226043929e1    8.9295583689e-2    1.2146710135e-1
    3    -7.2235002444e1    8.9585150790e-3    3.5645284699e-2
    4    -7.2238679014e1    3.6765699282e-3    6.1371461339e-3
    5    -7.2238688587e1    9.5728414777e-6    1.5263576557e-3
    6    -7.2238536101e1   -1.5248619390e-4    4.8495028522e-4
    7    -7.2238560737e1    2.4635946446e-5    1.5377645548e-4
    8    -7.2238549791e1   -1.0945645087e-5    6.3849982307e-5
    9    -7.2238552490e1    2.6990251030e-6    2.6089957033e-5
   10    -7.2238551435e1   -1.0545330582e-6    1.2557981439e-5
   11    -7.2238551582e1    1.4693203809e-7    5.8645534531e-6
   12    -7.2238551550e1   -3.2606422451e-8    2.7329344265e-6
   13    -7.2238551554e1    4.2664964894e-9    9.2371123425e-7
   14    -7.2238551554e1   3.1268143630e-10    2.5485472137e-7
   15    -7.2238551554e1  -1.0966516584e-10    8.2722172070e-8
   16    -7.2238551554e1   1.5134560272e-11    2.9569468233e-8
   17    -7.2238551554e1   4.4053649617e-13    9.1575432727e-9
   18    -7.2238551554e1   2.4158453016e-13    2.4086142889e-9
   19    -7.2238551554e1  -4.2632564146e-14    1.0015974256e-9
   20    -7.2238551554e1  -4.2632564146e-14   4.2230161790e-10
-------------------------------------------------------------- 
                        SCC converged                         
                                                                                 
dftb energy: -72.23855155421104 Hartree
dispersion energy:   0.00000000000000 Hartree
Total energy: -72.23855155421104 Hartree
-------------------------------------------------------------------------------- 
                                                       elapsed time:     0.10 s
                                                                                 
  Orb.    Occ.      Energy/Hartree |   Orb.    Occ.      Energy/Hartree
----------------------------------------------------------------------- 
MO:    1   2.00  -1.02081680982355 | MO:    2   2.00  -0.96194855183191
MO:    3   2.00  -0.94359358699231 | MO:    4   2.00  -0.89865035176787
MO:    5   2.00  -0.87005255303894 | MO:    6   2.00  -0.83282027295494
MO:    7   2.00  -0.82777418817672 | MO:    8   2.00  -0.80847160497718
MO:    9   2.00  -0.78676596585820 | MO:   10   2.00  -0.76704927578903
MO:   11   2.00  -0.75452987487856 | MO:   12   2.00  -0.73788101860279
MO:   13   2.00  -0.71100510072192 | MO:   14   2.00  -0.69975458527861
MO:   15   2.00  -0.66880055987312 | MO:   16   2.00  -0.65648515458076
MO:   17   2.00  -0.65042857245081 | MO:   18   2.00  -0.63583554907293
MO:   19   2.00  -0.62374713579347 | MO:   20   2.00  -0.61760621994042
MO:   21   2.00  -0.59550411015251 | MO:   22   2.00  -0.58498179665772
MO:   23   2.00  -0.56927754176487 | MO:   24   2.00  -0.55877619413235
MO:   25   2.00  -0.55411491073510 | MO:   26   2.00  -0.53918597547501
MO:   27   2.00  -0.53431569709451 | MO:   28   2.00  -0.52468943689264
MO:   29   2.00  -0.51904073977035 | MO:   30   2.00  -0.50756822613463
MO:   31   2.00  -0.50207611477395 | MO:   32   2.00  -0.49069835436457
MO:   33   2.00  -0.48632479939424 | MO:   34   2.00  -0.47819757032578
MO:   35   2.00  -0.47394275468952 | MO:   36   2.00  -0.46843102607629
MO:   37   2.00  -0.46369851279740 | MO:   38   2.00  -0.46056182455851
MO:   39   2.00  -0.45566353723559 | MO:   40   2.00  -0.45546580738011
MO:   41   2.00  -0.45083725711879 | MO:   42   2.00  -0.44236851643282
MO:   43   2.00  -0.43693260328016 | MO:   44   2.00  -0.43618993887987
MO:   45   2.00  -0.42827303125548 | MO:   46   2.00  -0.42406251777147
MO:   47   2.00  -0.41856030944212 | MO:   48   2.00  -0.41555394901426
MO:   49   2.00  -0.41388101372858 | MO:   50   2.00  -0.41014703612186
MO:   51   2.00  -0.40640470065778 | MO:   52   2.00  -0.40070425670351
MO:   53   2.00  -0.39967034266638 | MO:   54   2.00  -0.39491333656029
MO:   55   2.00  -0.39176224579329 | MO:   56   2.00  -0.38714598752210
MO:   57   2.00  -0.38200886281422 | MO:   58   2.00  -0.37927835568595
MO:   59   2.00  -0.37672527615454 | MO:   60   2.00  -0.36827338031779
MO:   61   2.00  -0.36779189048243 | MO:   62   2.00  -0.35831602423285
MO:   63   2.00  -0.35050746402363 | MO:   64   2.00  -0.34157897821478
MO:   65   2.00  -0.33818836096070 | MO:   66   2.00  -0.33302885942834
MO:   67   2.00  -0.32841898134786 | MO:   68   2.00  -0.30451284976721
MO:   69   2.00  -0.28809488654979 | MO:   70   0.00   0.00182093951792
MO:   71   0.00   0.10508092727352 | MO:   72   0.00   0.13780158353092
MO:   73   0.00   0.23950235641757 | MO:   74   0.00   0.25331092502872
MO:   75   0.00   0.35941796632977 | MO:   76   0.00   0.36768863167928
MO:   77   0.00   0.39046666435961 | MO:   78   0.00   0.41918731478178
MO:   79   0.00   0.44268340409703 | MO:   80   0.00   0.46352250283700
MO:   81   0.00   0.47248833313453 | MO:   82   0.00   0.48012771893682
MO:   83   0.00   0.49805984292053 | MO:   84   0.00   0.50963997550578
MO:   85   0.00   0.52295479818816 | MO:   86   0.00   0.53081314647241
MO:   87   0.00   0.54887899637098 | MO:   88   0.00   0.55494144475412
MO:   89   0.00   0.56925805049458 | MO:   90   0.00   0.59560073992435
MO:   91   0.00   0.60669292140846 | MO:   92   0.00   0.62400550846503
MO:   93   0.00   0.62738419414267 | MO:   94   0.00   0.64878626350026
MO:   95   0.00   0.66835530998695 | MO:   96   0.00   0.67296856772905
MO:   97   0.00   0.67985469688573 | MO:   98   0.00   0.70012455941500
MO:   99   0.00   0.70704476533173 | MO:  100   0.00   0.72174208918633
MO:  101   0.00   0.72552013798995 | MO:  102   0.00   0.74472175158516
MO:  103   0.00   0.76259654837246 | MO:  104   0.00   0.76777483472995
MO:  105   0.00   0.78228048889471 | MO:  106   0.00   0.78727485830010
MO:  107   0.00   0.80462287272333 | MO:  108   0.00   0.82402890807313
MO:  109   0.00   0.83061881090011 | MO:  110   0.00   0.84697369471226
MO:  111   0.00   0.86494656354705 | MO:  112   0.00   0.87705697572950
MO:  113   0.00   0.88618835248482 | MO:  114   0.00   0.92641524069626
MO:  115   0.00   0.93520810859787 | MO:  116   0.00   0.95346533355959
MO:  117   0.00   0.97085068053213 | MO:  118   0.00   0.98983105582564
MO:  119   0.00   1.00151950642553 | MO:  120   0.00   1.03148591778943
MO:  121   0.00   1.04865549238882 | MO:  122   0.00   1.07051557564234
MO:  123   0.00   1.08281939798881 | MO:  124   0.00   1.10502722998743
MO:  125   0.00   1.11091702661258 | MO:  126   0.00   1.12434689941611
MO:  127   0.00   1.15595862435923 | MO:  128   0.00   1.18529375320481
MO:  129   0.00   1.20686423569849 | MO:  130   0.00   1.47434594850991
MO:  131   0.00   1.72136067716976 | MO:  132   0.00   1.72639061623332
----------------------------------------------------------------------- 
                                                                                
-------------------------------------------------------------------------------- 
                                                 total elapsed time:     0.16 s
                                                                                
                    :::::::::::::::::::::::::::::::::::::::                     
                    ::    Thank you for using DIALECT    ::                     
                    :::::::::::::::::::::::::::::::::::::::                     
                                                                                
