                               -----------------                                
                                    DIALECT                                     
                               -----------------                                
                                 version: 1.1.0                                 
                                                                                
            :::::::::::::::::::::::::::::::::::::::::::::::::::::::             
            ::                   Roland Mitric                   ::             
            ::  Institute of Physical and Theoretical Chemistry  ::             
            ::              University of Wuerzburg              ::             
        ::::::...................................................::::::         
        :: Contributors:                                             ::         
        :: --------                                                  ::         
        :: Richard Einsele       <richard.einsele@uni-wuerzburg.de>  ::         
        :: Joscha Hoche             <joscha.hoche@uni-wuerzburg.de>  ::         
        :: Xincheng Miao           <xincheng.miao@uni-wuerzburg.de>  ::         
        :: Luca Nils Philipp   <luca_nils.philipp@uni-wuerzburg.de>  ::         
        :::::::::::::::::::::::::::::::::::::::::::::::::::::::::::::::         
                                                                                
                                                                                
                                  SCC-Routine                                   
--------------------------------------------------------------------------------
max. iterations:          250
electronic temperature:   0 K
repulsive energy:         0.32740389039235 Hartree
                                                                                
SCC Iterations: all quantities are in atomic units 
-------------------------------------------------------------- 
Iter.         SCC Energy       Energy diff.           dq diff.
-------------------------------------------------------------- 
    1    -1.2932119102e1    0.0000000000000    5.8796035295e-2
    2    -1.2925984055e1   -6.1350466788e-3    4.1053672546e-2
    3    -1.2923248095e1   -2.7359603559e-3    1.0448852798e-2
    4    -1.2923201958e1   -4.6136973234e-5    7.7714371825e-4
    5    -1.2923192575e1   -9.3826849081e-6    2.3986857639e-4
    6    -1.2923192739e1    1.6406377057e-7    5.6477485956e-5
    7    -1.2923192944e1    2.0474980467e-7    1.9664121338e-6
    8    -1.2923192980e1    3.6506895285e-8    7.0294213888e-8
    9    -1.2923192980e1  -4.5887382782e-10   2.1576857935e-11
-------------------------------------------------------------- 
                        SCC converged                         
                                                                                 
dftb energy: -12.92319297992390 Hartree
dispersion energy:   0.00000000000000 Hartree
Total energy: -12.92319297992390 Hartree
-------------------------------------------------------------------------------- 
                                                       elapsed time:     0.00 s
                                                                                 
  Orb.    Occ.      Energy/Hartree |   Orb.    Occ.      Energy/Hartree
----------------------------------------------------------------------- 
MO:    1   2.00  -1.04927777325172 | MO:    2   2.00  -0.82356763941224
MO:    3   2.00  -0.76842882660710 | MO:    4   2.00  -0.56944419106734
MO:    5   2.00  -0.54254798486566 | MO:    6   2.00  -0.48117271338576
MO:    7   2.00  -0.38221562663196 | MO:    8   2.00  -0.36309881062463
MO:    9   2.00  -0.35124518544490 | MO:   10   2.00  -0.31969556074328
MO:   11   2.00  -0.31127646779188 | MO:   12   2.00  -0.21927972365468
MO:   13   2.00  -0.18895183680605 | MO:   14   0.00   0.06513217014525
MO:   15   0.00   0.11207584834753 | MO:   16   0.00   0.59802371469334
MO:   17   0.00   0.63505322571472 | MO:   18   0.00   0.68957609476739
MO:   19   0.00   0.77660748644889 | MO:   20   0.00   0.88840765659157
MO:   21   0.00   0.95021389623914 | MO:   22   0.00   0.96129069100357
MO:   23   0.00   1.00282455332314 | MO:   24   0.00   1.46622546325417
MO:   25   0.00   1.70907001184569 |
----------------------------------------------------------------------- 
                                                                                
-------------------------------------------------------------------------------- 
                                                 total elapsed time:     0.06 s
                                                                                
                    :::::::::::::::::::::::::::::::::::::::                     
                    ::    Thank you for using DIALECT    ::                     
                    :::::::::::::::::::::::::::::::::::::::                     
                                                                                
