                               -----------------                                
                                    DIALECT                                     
                               -----------------                                
                                 version: 1.1.0                                 
                                                                                
            :::::::::::::::::::::::::::::::::::::::::::::::::::::::             
            ::                   Roland Mitric                   ::             
            ::  Institute of Physical and Theoretical Chemistry  ::             
            ::              University of Wuerzburg              ::             
        ::::::...................................................::::::         
        :: Contributors:                                             ::         
        :: --------                                                  ::         
        :: Richard Einsele       <richard.einsele@uni-wuerzburg.de>  ::         
        :: Joscha Hoche             <joscha.hoche@uni-wuerzburg.de>  ::         
        :: Xincheng Miao           <xincheng.miao@uni-wuerzburg.de>  ::         
        :: Luca Nils Philipp   <luca_nils.philipp@uni-wuerzburg.de>  ::         
        :::::::::::::::::::::::::::::::::::::::::::::::::::::::::::::::         
                                                                                
                                                                                
                                  SCC-Routine                                   
--------------------------------------------------------------------------------
max. iterations:          250
electronic temperature:   0 K
repulsive energy:         0.68231138702678 Hartree
                                                                                
SCC Iterations: all quantities are in atomic units 
-------------------------------------------------------------- 
Iter.         SCC Energy       Energy diff.           dq diff.
-------------------------------------------------------------- 
    1    -3.5221704496e1    0.0000000000000    3.5329562339e-2
    2    -3.5214979373e1   -6.7251231289e-3    3.3572338976e-2
    3    -3.5213020986e1   -1.9583873594e-3    4.0821327849e-3
    4    -3.5213348617e1    3.2763170826e-4    4.3523653404e-4
    5    -3.5213365169e1    1.6551596978e-5    1.2381484255e-4
    6    -3.5213352717e1   -1.2451773266e-5    1.2053625636e-5
    7    -3.5213353130e1    4.1245642990e-7    1.7197511985e-6
    8    -3.5213353241e1    1.1147769641e-7    2.0949903781e-7
    9    -3.5213353203e1   -3.7797285302e-8    6.7118334850e-8
   10    -3.5213353202e1   -1.7723706947e-9    6.9487776057e-9
   11    -3.5213353202e1   3.7984193568e-10   3.4013064073e-10
-------------------------------------------------------------- 
                        SCC converged                         
                                                                                 
dftb energy: -35.21335320196089 Hartree
dispersion energy:   0.00000000000000 Hartree
Total energy: -35.21335320196089 Hartree
-------------------------------------------------------------------------------- 
                                                       elapsed time:     0.01 s
                                                                                 
  Orb.    Occ.      Energy/Hartree |   Orb.    Occ.      Energy/Hartree
----------------------------------------------------------------------- 
MO:    1   2.00  -1.05532569195689 | MO:    2   2.00  -0.93749706503983
MO:    3   2.00  -0.92857811021611 | MO:    4   2.00  -0.86814837611331
MO:    5   2.00  -0.84305651472171 | MO:    6   2.00  -0.77386467609814
MO:    7   2.00  -0.73476146194369 | MO:    8   2.00  -0.66735905643909
MO:    9   2.00  -0.63651772317541 | MO:   10   2.00  -0.60599253727420
MO:   11   2.00  -0.60134954451451 | MO:   12   2.00  -0.55160961296838
MO:   13   2.00  -0.45892837016365 | MO:   14   2.00  -0.45520184356266
MO:   15   2.00  -0.43127114168400 | MO:   16   2.00  -0.42019452897547
MO:   17   2.00  -0.41701280065773 | MO:   18   2.00  -0.39882629992350
MO:   19   2.00  -0.39069537085883 | MO:   20   2.00  -0.38812459412308
MO:   21   2.00  -0.38289432011796 | MO:   22   2.00  -0.36925341547243
MO:   23   2.00  -0.35899599029961 | MO:   24   2.00  -0.34526093042867
MO:   25   2.00  -0.33505075204258 | MO:   26   2.00  -0.33015270007282
MO:   27   2.00  -0.32334402965082 | MO:   28   2.00  -0.30991839449451
MO:   29   2.00  -0.30620754906664 | MO:   30   2.00  -0.30457706762337
MO:   31   2.00  -0.30191675735598 | MO:   32   2.00  -0.30012410139346
MO:   33   2.00  -0.29410975882007 | MO:   34   2.00  -0.27720316117908
MO:   35   2.00  -0.26224952319862 | MO:   36   2.00  -0.18078752441320
MO:   37   0.00  -0.03752088009405 | MO:   38   0.00   0.40778893090759
MO:   39   0.00   0.42138482309682 | MO:   40   0.00   0.45371028194402
MO:   41   0.00   0.45918827236968 | MO:   42   0.00   0.46538727247345
MO:   43   0.00   0.47630374239597 | MO:   44   0.00   0.50678692373464
MO:   45   0.00   0.51198463684286 | MO:   46   0.00   0.51974247092971
MO:   47   0.00   0.55754921773049 | MO:   48   0.00   0.56447927413176
MO:   49   0.00   0.57540210169466 | MO:   50   0.00   0.58912175716368
MO:   51   0.00   0.60334243041204 | MO:   52   0.00   0.63727470888683
MO:   53   0.00   0.66967590301429 | MO:   54   0.00   0.67638665524779
MO:   55   0.00   0.68191206455680 | MO:   56   0.00   0.68919007371875
MO:   57   0.00   0.71176181216027 | MO:   58   0.00   0.77762153970425
MO:   59   0.00   0.79030687810925 | MO:   60   0.00   0.84825907217282
MO:   61   0.00   0.89429485538030 | MO:   62   0.00   0.89643592326750
MO:   63   0.00   0.92823081545034 | MO:   64   0.00   0.98607348823030
MO:   65   0.00   1.01435539630406 | MO:   66   0.00   1.09839330369502
MO:   67   0.00   1.11295304382847 | MO:   68   0.00   1.16391925188433
MO:   69   0.00   1.17012715360423 | MO:   70   0.00   1.20246350456860
----------------------------------------------------------------------- 
                                                                                
-------------------------------------------------------------------------------- 
                                                 total elapsed time:     0.07 s
                                                                                
                    :::::::::::::::::::::::::::::::::::::::                     
                    ::    Thank you for using DIALECT    ::                     
                    :::::::::::::::::::::::::::::::::::::::                     
                                                                                
