step           E [Ha]      dE [Ha]  |g|max [Ha/a0]  step [a0]
   0     -12.57624282                     0.352325           
   1     -12.66898870    -9.27e-02        0.352325     0.2000
   2     -12.71731020    -4.83e-02        0.105629     0.2000
   3     -12.73111218    -1.38e-02        0.051837     0.1000
   4     -12.73973345    -8.62e-03        0.059429     0.1000
   5     -12.74561069    -5.88e-03        0.038142     0.0500
   6     -12.74909883    -3.49e-03        0.026735     0.0500
   7     -12.74970756    -6.09e-04        0.019776     0.0500
   8     -12.75365948    -3.95e-03        0.045499     0.0500
   9     -12.75474472    -1.09e-03        0.013708     0.0250
  10     -12.75570834    -9.64e-04        0.018052     0.0250
  11     -12.75630323    -5.95e-04        0.011539     0.0250
  12     -12.75710454    -8.01e-04        0.018631     0.0250
  13     -12.75714260    -3.81e-05        0.010302     0.0250
  14     -12.75822670    -1.08e-03        0.022431     0.0250
  15     -12.75858800    -3.61e-04        0.007652     0.0125
  16     -12.75892727    -3.39e-04        0.008760     0.0125
  17     -12.75919092    -2.64e-04        0.006452     0.0125
  18     -12.75948016    -2.89e-04        0.008940     0.0125
  19     -12.75965400    -1.74e-04        0.006267     0.0125
  20     -12.75992371    -2.70e-04        0.009315     0.0125
  21     -12.76003694    -1.13e-04        0.006148     0.0125
  22     -12.76027564    -2.39e-04        0.009202     0.0125
  23     -12.76035612    -8.05e-05        0.006422     0.0125
  24     -12.76055071    -1.95e-04        0.008792     0.0125
  25     -12.76062629    -7.56e-05        0.006963     0.0125
  26     -12.76076959    -1.43e-04        0.008267     0.0125
  27     -12.76085559    -8.60e-05        0.007536     0.0125
  28     -12.76095060    -9.50e-05        0.007765     0.0125
  29     -12.76105155    -1.01e-04        0.008031     0.0125
  30     -12.76110430    -5.27e-05        0.007328     0.0125
  31     -12.76122180    -1.18e-04        0.008459     0.0125
  32     -12.76123737    -1.56e-05        0.006946     0.0125
  33     -12.76137153    -1.34e-04        0.008830     0.0125
  34     -12.76151651    -1.45e-04        0.006614     0.0063
  35     -12.76155135    -3.48e-05        0.003253     0.0250
  36     -12.76175227    -2.01e-04        0.009907     0.0125
  37     -12.76184885    -9.66e-05        0.005695     0.0063
  38     -12.76188303    -3.42e-05        0.002773     0.0063
  39     -12.76191964    -3.66e-05        0.003818     0.0063
  40     -12.76195717    -3.75e-05        0.003904     0.0063
  41     -12.76199357    -3.64e-05        0.003945     0.0063
  42     -12.76202426    -3.07e-05        0.003792     0.0063
  43     -12.76206051    -3.63e-05        0.004048     0.0063
  44     -12.76208527    -2.48e-05        0.003702     0.0063
  45     -12.76212130    -3.60e-05        0.004130     0.0063
  46     -12.76214092    -1.96e-05        0.003630     0.0063
  47     -12.76217659    -3.57e-05        0.004195     0.0063
  48     -12.76219178    -1.52e-05        0.003573     0.0063
  49     -12.76222693    -3.52e-05        0.004245     0.0063
  50     -12.76223831    -1.14e-05        0.003530     0.0063
  51     -12.76227283    -3.45e-05        0.004284     0.0063
  52     -12.76228087    -8.04e-06        0.003496     0.0063
  53     -12.76231473    -3.39e-05        0.004315     0.0063
  54     -12.76231977    -5.04e-06        0.003467     0.0063
  55     -12.76235300    -3.32e-05        0.004342     0.0063
  56     -12.76235533    -2.32e-06        0.003442     0.0063
  57     -12.76238796    -3.26e-05        0.004365     0.0063
  58     -12.76242583    -3.79e-05        0.003421     0.0031
  59     -12.76245902    -3.32e-05        0.001734     0.0125
  60     -12.76246662    -7.60e-06        0.003746     0.0063
  61     -12.76248382    -1.72e-05        0.004049     0.0063
  62     -12.76248997    -6.15e-06        0.003737     0.0063
  63     -12.76250666    -1.67e-05        0.004062     0.0063
  64     -12.76251139    -4.73e-06        0.003726     0.0063
  65     -12.76252755    -1.62e-05        0.004073     0.0063
  66     -12.76253101    -3.46e-06        0.003717     0.0063
  67     -12.76254664    -1.56e-05        0.004081     0.0063
  68     -12.76254898    -2.34e-06        0.003709     0.0063
  69     -12.76256410    -1.51e-05        0.004087     0.0063
  70     -12.76256545    -1.34e-06        0.003704     0.0063
  71     -12.76258007    -1.46e-05        0.004092     0.0063
  72     -12.76258054    -4.66e-07        0.003700     0.0063
  73     -12.76259467    -1.41e-05        0.004096     0.0063
  74     -12.76263205    -3.74e-05        0.003697     0.0031
  75     -12.76264727    -1.52e-05        0.001127     0.0250
  76     -12.76269702    -4.97e-05        0.005156     0.0063
  77     -12.76271186    -1.48e-05        0.002619     0.0031
  78     -12.76271706    -5.20e-06        0.001283     0.0016

converged: True   steps: 78   E = -12.76271706 Ha   |g|max = 0.000746 Ha/a0
geometry -> opt_examp/benzene_sd_opt.xyz
trajectory -> opt_examp/benzene_sd_traj.xyz
