step           E [Ha]      dE [Ha]      |g|max   step[a0]   nE
   0     -12.57624282                 0.352325
   1     -12.68307041    -1.07e-01    0.352325     0.3279   10
   2     -12.71953841    -3.65e-02    0.116747     0.1889    9
   3     -12.73587746    -1.63e-02    0.047347     0.1167   10
   4     -12.75007525    -1.42e-02    0.044413     0.1639   10
   5     -12.75382129    -3.75e-03    0.032835     0.0535   10
   6     -12.75566144    -1.84e-03    0.019371     0.0574   10
   7     -12.75770649    -2.05e-03    0.014962     0.0934    9
   8     -12.75950132    -1.79e-03    0.021950     0.0890    9
   9     -12.76053519    -1.03e-03    0.021430     0.0511   10
  10     -12.76081629    -2.81e-04    0.008755     0.0138   13
  11     -12.76112903    -3.13e-04    0.004994     0.0268   11
  12     -12.76173152    -6.02e-04    0.009208     0.0637    9
  13     -12.76197678    -2.45e-04    0.008100     0.0320   11
  14     -12.76214961    -1.73e-04    0.004191     0.0305   11
  15     -12.76239954    -2.50e-04    0.005078     0.0472   10
  16     -12.76257949    -1.80e-04    0.005629     0.0369   11
  17     -12.76265098    -7.15e-05    0.003820     0.0151   13
  18     -12.76272398    -7.30e-05    0.003973     0.0165   13
  19     -12.76277204    -4.81e-05    0.004018     0.0117   13
  20     -12.76277925    -7.22e-06    0.001515     0.0021   17

converged: True   steps: 20   gradients: 21   line-search energies: 219   E = -12.76277925 Ha   |g|max = 0.000745
