step           E [Ha]      dE [Ha]      |g|max   step[a0]   nE
   0     -10.84358877                 0.218676
   1     -10.90949870    -6.59e-02    0.218676     0.2653    8
   2     -10.94563643    -3.61e-02    0.080143     0.2472    8
   3     -10.96893112    -2.33e-02    0.039145     0.1820    9
   4     -10.98174352    -1.28e-02    0.052014     0.1528   10
   5     -10.98996339    -8.22e-03    0.031608     0.1305   10
   6     -10.99372045    -3.76e-03    0.025750     0.0728    9
   7     -10.99522968    -1.51e-03    0.015268     0.0369   11
   8     -10.99599642    -7.67e-04    0.012997     0.0297   11
   9     -10.99653809    -5.42e-04    0.005733     0.0343   11
  10     -10.99731638    -7.78e-04    0.007738     0.0535   10
  11     -10.99777782    -4.61e-04    0.007657     0.0329   11
  12     -10.99820846    -4.31e-04    0.005562     0.0329   11
  13     -10.99896746    -7.59e-04    0.009594     0.0661    9
  14     -10.99953837    -5.71e-04    0.009518     0.0574   10
  15     -11.00037752    -8.39e-04    0.008620     0.0845    9
  16     -11.00115328    -7.76e-04    0.010514     0.0728    9
  17     -11.00140591    -2.53e-04    0.005293     0.0297   11
  18     -11.00161265    -2.07e-04    0.005789     0.0259   11
  19     -11.00170340    -9.07e-05    0.003953     0.0157   13
  20     -11.00175073    -4.73e-05    0.002564     0.0101   13
  21     -11.00179612    -4.54e-05    0.002214     0.0111   13
  22     -11.00183895    -4.28e-05    0.001875     0.0138   13
  23     -11.00187316    -3.42e-05    0.001720     0.0138   13
  24     -11.00190988    -3.67e-05    0.002266     0.0160   13
  25     -11.00193317    -2.33e-05    0.001846     0.0098   14
  26     -11.00195210    -1.89e-05    0.001517     0.0086   14
  27     -11.00196694    -1.48e-05    0.001148     0.0086   14

converged: True   steps: 27   gradients: 28   line-search energies: 298   E = -11.00196694 Ha   |g|max = 0.000915
