step           E [Ha]      dE [Ha]      |g|max   step[a0]   nE
   0     -15.24190891                 0.109575
   1     -15.29176097    -4.99e-02    0.109575     0.1416   10
   2     -15.30324518    -1.15e-02    0.037603     0.1007    9
   3     -15.31366293    -1.04e-02    0.033334     0.1167   10
   4     -15.32239566    -8.73e-03    0.036159     0.1167   10
   5     -15.32508675    -2.69e-03    0.016362     0.0496   10
   6     -15.32689935    -1.81e-03    0.013675     0.0535   10
   7     -15.32769930    -8.00e-04    0.010774     0.0259   11
   8     -15.32815837    -4.59e-04    0.008902     0.0245   12
   9     -15.32862530    -4.67e-04    0.004281     0.0369   11
  10     -15.32918516    -5.60e-04    0.006043     0.0511   10
  11     -15.32939035    -2.05e-04    0.005677     0.0187   13
  12     -15.32957546    -1.85e-04    0.004557     0.0174   13
  13     -15.32968658    -1.11e-04    0.003865     0.0138   13
  14     -15.32975426    -6.77e-05    0.003181     0.0111   13
  15     -15.32982169    -6.74e-05    0.002250     0.0138   13
  16     -15.32985447    -3.28e-05    0.002253     0.0088   14
  17     -15.32987253    -1.81e-05    0.001106     0.0056   15
  18     -15.32989039    -1.79e-05    0.001399     0.0063   15
  19     -15.32992693    -3.65e-05    0.001559     0.0179   13
  20     -15.32995095    -2.40e-05    0.001882     0.0124   14
  21     -15.33000887    -5.79e-05    0.001421     0.0282   11
  22     -15.33008882    -8.00e-05    0.002410     0.0457   10
  23     -15.33019850    -1.10e-04    0.002412     0.0637    9
  24     -15.33046426    -2.66e-04    0.003439     0.1485   10
  25     -15.33069524    -2.31e-04    0.007441     0.1279   10
  26     -15.33087171    -1.76e-04    0.002950     0.0343   11
  27     -15.33117184    -3.00e-04    0.005320     0.0574   10
  28     -15.33137277    -2.01e-04    0.003299     0.0408   10
  29     -15.33160302    -2.30e-04    0.005110     0.0535   10
  30     -15.33184489    -2.42e-04    0.003946     0.0535   10
  31     -15.33200250    -1.58e-04    0.002558     0.0355   11
  32     -15.33220935    -2.07e-04    0.003750     0.0535   10
  33     -15.33252879    -3.19e-04    0.005016     0.0934    9
  34     -15.33272958    -2.01e-04    0.002914     0.0700    9
  35     -15.33285737    -1.28e-04    0.004520     0.0457   10
  36     -15.33291566    -5.83e-05    0.001715     0.0165   13
  37     -15.33297833    -6.27e-05    0.002361     0.0196   13
  38     -15.33302023    -4.19e-05    0.001575     0.0143   13
  39     -15.33307537    -5.51e-05    0.001641     0.0196   13
  40     -15.33311305    -3.77e-05    0.001793     0.0165   13
  41     -15.33318358    -7.05e-05    0.001873     0.0329   11
  42     -15.33321942    -3.58e-05    0.001778     0.0182   13
  43     -15.33326389    -4.45e-05    0.001265     0.0245   12
  44     -15.33329479    -3.09e-05    0.001975     0.0174   13
  45     -15.33331577    -2.10e-05    0.001367     0.0111   13

converged: True   steps: 45   gradients: 46   line-search energies: 516   E = -15.33331577 Ha   |g|max = 0.000754
