step           E [Ha]      dE [Ha]      |g|max   step[a0]   nE
   0     -15.33331577                 0.000754
   1     -15.33332288    -7.11e-06    0.000754     0.0021   17
   2     -15.33332825    -5.37e-06    0.000745     0.0027   16
   3     -15.33333365    -5.40e-06    0.000557     0.0040   15
   4     -15.33333858    -4.93e-06    0.000649     0.0050   15
   5     -15.33334338    -4.80e-06    0.000535     0.0061   15
   6     -15.33334860    -5.22e-06    0.000707     0.0075   15
   7     -15.33335500    -6.39e-06    0.000492     0.0095   14
   8     -15.33336043    -5.43e-06    0.000581     0.0089   14
   9     -15.33336384    -3.41e-06    0.000434     0.0061   15
  10     -15.33336791    -4.08e-06    0.000558     0.0078   14
  11     -15.33337252    -4.61e-06    0.000369     0.0092   14
  12     -15.33338091    -8.39e-06    0.000819     0.0165   13
  13     -15.33338666    -5.74e-06    0.000620     0.0117   13
  14     -15.33339287    -6.21e-06    0.000609     0.0143   13
  15     -15.33340133    -8.47e-06    0.000727     0.0209   13
  16     -15.33341019    -8.86e-06    0.000738     0.0201   13
  17     -15.33341660    -6.41e-06    0.000845     0.0133   14
  18     -15.33341795    -1.35e-06    0.000482     0.0028   16
  19     -15.33341960    -1.65e-06    0.000281     0.0038   15
  20     -15.33342009    -4.90e-07    0.000257     0.0013   18
  21     -15.33342057    -4.82e-07    0.000136     0.0015   18
  22     -15.33342089    -3.22e-07    0.000211     0.0012   18

converged: True   steps: 22   gradients: 23   line-search energies: 328   E = -15.33342089 Ha   |g|max = 0.000091
