step           E [Ha]      dE [Ha]      |g|max   step[a0]   nE
   0     -11.00149565                 0.000942
   1     -11.00150840    -1.27e-05    0.000942     0.0035   16
   2     -11.00165625    -1.48e-04    0.001609     0.0598   10
   3     -11.00166265    -6.39e-06    0.000645     0.0048   15
   4     -11.00168613    -2.35e-05    0.000809     0.0182   13
   5     -11.00168975    -3.62e-06    0.000384     0.0025   17
   6     -11.00170404    -1.43e-05    0.000690     0.0098   14
   7     -11.00174248    -3.84e-05    0.001024     0.0305   11
   8     -11.00177878    -3.63e-05    0.001623     0.0268   11
   9     -11.00179717    -1.84e-05    0.001383     0.0111   13
  10     -11.00186067    -6.35e-05    0.001074     0.0394   10
  11     -11.00189011    -2.94e-05    0.001743     0.0179   13
  12     -11.00192381    -3.37e-05    0.001326     0.0231   12
  13     -11.00196212    -3.83e-05    0.001301     0.0282   11
  14     -11.00201970    -5.76e-05    0.001972     0.0433   10
  15     -11.00209285    -7.31e-05    0.002006     0.0496   10
  16     -11.00219225    -9.94e-05    0.001867     0.0559   10
  17     -11.00232287    -1.31e-04    0.005109     0.0661    9
  18     -11.00238527    -6.24e-05    0.001962     0.0320   11
  19     -11.00243562    -5.03e-05    0.002407     0.0282   11
  20     -11.00245791    -2.23e-05    0.001450     0.0151   13
  21     -11.00247020    -1.23e-05    0.001099     0.0088   14
  22     -11.00247581    -5.61e-06    0.000626     0.0043   16
  23     -11.00248437    -8.56e-06    0.000521     0.0081   14
  24     -11.00248669    -2.31e-06    0.000528     0.0022   17
  25     -11.00248986    -3.17e-06    0.000400     0.0040   15
  26     -11.00249084    -9.81e-07    0.000500     0.0012   18
  27     -11.00249121    -3.71e-07    0.000138     0.0007   19
  28     -11.00249161    -3.98e-07    0.000178     0.0007   19
  29     -11.00249174    -1.24e-07    0.000168     0.0003   20

converged: True   steps: 29   gradients: 30   line-search energies: 392   E = -11.00249174 Ha   |g|max = 0.000085
