step           E [Ha]      dE [Ha]      |g|max   step[a0]   nE
   0     -11.00196694                 0.000915
   1     -11.00197296    -6.02e-06    0.000915     0.0014   18
   2     -11.00197893    -5.97e-06    0.000608     0.0038   16
   3     -11.00198551    -6.58e-06    0.000596     0.0061   15
   4     -11.00199001    -4.50e-06    0.000879     0.0048   15
   5     -11.00199465    -4.64e-06    0.000485     0.0050   15
   6     -11.00200376    -9.12e-06    0.000473     0.0105   13
   7     -11.00200855    -4.78e-06    0.000805     0.0063   15
   8     -11.00202151    -1.30e-05    0.000782     0.0187   13
   9     -11.00204304    -2.15e-05    0.001043     0.0320   11
  10     -11.00205580    -1.28e-05    0.001089     0.0187   13
  11     -11.00207311    -1.73e-05    0.001760     0.0231   12
  12     -11.00209590    -2.28e-05    0.000872     0.0320   11
  13     -11.00211699    -2.11e-05    0.001909     0.0297   11
  14     -11.00217736    -6.04e-05    0.001437     0.0817    9
  15     -11.00220027    -2.29e-05    0.001467     0.0369   11
  16     -11.00223681    -3.65e-05    0.001785     0.0598   10
  17     -11.00225985    -2.30e-05    0.001379     0.0355   11
  18     -11.00228452    -2.47e-05    0.001434     0.0369   11
  19     -11.00230676    -2.22e-05    0.001539     0.0343   11
  20     -11.00232171    -1.49e-05    0.001278     0.0214   13
  21     -11.00233826    -1.65e-05    0.000940     0.0231   12
  22     -11.00236245    -2.42e-05    0.001363     0.0343   11
  23     -11.00238347    -2.10e-05    0.001771     0.0343   11
  24     -11.00239868    -1.52e-05    0.000858     0.0231   12
  25     -11.00240923    -1.06e-05    0.001202     0.0165   13
  26     -11.00241909    -9.87e-06    0.000642     0.0138   13
  27     -11.00242576    -6.67e-06    0.000891     0.0092   14
  28     -11.00243183    -6.07e-06    0.000891     0.0081   14
  29     -11.00243659    -4.76e-06    0.000592     0.0064   15
  30     -11.00244104    -4.45e-06    0.000464     0.0075   15
  31     -11.00244406    -3.02e-06    0.000629     0.0058   15
  32     -11.00244895    -4.89e-06    0.000411     0.0101   13
  33     -11.00245290    -3.95e-06    0.000660     0.0088   14
  34     -11.00245423    -1.33e-06    0.000393     0.0024   17
  35     -11.00245613    -1.90e-06    0.000374     0.0034   16
  36     -11.00245705    -9.19e-07    0.000347     0.0017   17
  37     -11.00245764    -5.92e-07    0.000323     0.0014   18
  38     -11.00245820    -5.57e-07    0.000191     0.0019   17
  39     -11.00245871    -5.11e-07    0.000246     0.0018   17
  40     -11.00245909    -3.85e-07    0.000142     0.0015   18
  41     -11.00246000    -9.09e-07    0.000224     0.0038   16
  42     -11.00246106    -1.06e-06    0.000275     0.0045   16
  43     -11.00246166    -6.00e-07    0.000466     0.0007   19
  44     -11.00246201    -3.56e-07    0.000208     0.0006   20
  45     -11.00246237    -3.57e-07    0.000158     0.0011   18
  46     -11.00246265    -2.75e-07    0.000129     0.0010   18
  47     -11.00246308    -4.31e-07    0.000196     0.0017   17
  48     -11.00246363    -5.49e-07    0.000158     0.0025   17
  49     -11.00246416    -5.31e-07    0.000203     0.0027   16
  50     -11.00246505    -8.97e-07    0.000201     0.0048   15
  51     -11.00246593    -8.80e-07    0.000266     0.0048   15
  52     -11.00246725    -1.32e-06    0.000236     0.0073   15
  53     -11.00246892    -1.67e-06    0.000431     0.0089   14
  54     -11.00247310    -4.18e-06    0.000353     0.0245   12
  55     -11.00247500    -1.90e-06    0.000430     0.0117   13
  56     -11.00247807    -3.07e-06    0.000321     0.0187   13
  57     -11.00248383    -5.75e-06    0.000548     0.0355   11
  58     -11.00248570    -1.88e-06    0.000423     0.0101   13
  59     -11.00248949    -3.79e-06    0.000419     0.0209   13
  60     -11.00249065    -1.16e-06    0.000309     0.0050   15
  61     -11.00249165    -9.91e-07    0.000327     0.0045   16
  62     -11.00249234    -6.96e-07    0.000187     0.0031   16
  63     -11.00249353    -1.18e-06    0.000161     0.0055   15
  64     -11.00249415    -6.19e-07    0.000444     0.0027   16
  65     -11.00249484    -6.93e-07    0.000210     0.0030   16
  66     -11.00249525    -4.10e-07    0.000236     0.0019   17
  67     -11.00249556    -3.08e-07    0.000176     0.0016   18
  68     -11.00249617    -6.15e-07    0.000189     0.0035   16
  69     -11.00249655    -3.79e-07    0.000155     0.0021   17
  70     -11.00249707    -5.20e-07    0.000214     0.0028   16
  71     -11.00249749    -4.24e-07    0.000204     0.0025   17
  72     -11.00249790    -4.08e-07    0.000185     0.0025   17
  73     -11.00249817    -2.68e-07    0.000186     0.0015   18
  74     -11.00249836    -1.91e-07    0.000163     0.0012   18

converged: True   steps: 74   gradients: 75   line-search energies: 1085   E = -11.00249836 Ha   |g|max = 0.000090
