step           E [Ha]      dE [Ha]      |g|max   step[a0]   nE
   0     -11.00170486                 0.000796
   1     -11.00171196    -7.10e-06    0.000796     0.0019   17
   2     -11.00172157    -9.60e-06    0.000826     0.0042   15
   3     -11.00173389    -1.23e-05    0.000708     0.0070   15
   4     -11.00174516    -1.13e-05    0.001104     0.0086   14
   5     -11.00175486    -9.70e-06    0.000819     0.0068   15
   6     -11.00176917    -1.43e-05    0.000700     0.0086   14
   7     -11.00177962    -1.05e-05    0.001088     0.0081   14
   8     -11.00179323    -1.36e-05    0.001031     0.0101   13
   9     -11.00181340    -2.02e-05    0.000847     0.0143   13
  10     -11.00185312    -3.97e-05    0.001698     0.0320   11
  11     -11.00188297    -2.98e-05    0.001510     0.0282   11
  12     -11.00194553    -6.26e-05    0.001189     0.0598   10
  13     -11.00197290    -2.74e-05    0.001781     0.0231   12
  14     -11.00203633    -6.34e-05    0.001555     0.0559   10
  15     -11.00213891    -1.03e-04    0.002433     0.0845    9
  16     -11.00222070    -8.18e-05    0.003196     0.0772    9
  17     -11.00231146    -9.08e-05    0.003866     0.0637    9
  18     -11.00237395    -6.25e-05    0.002237     0.0329   11
  19     -11.00239664    -2.27e-05    0.002128     0.0124   14
  20     -11.00242131    -2.47e-05    0.001340     0.0160   13
  21     -11.00244021    -1.89e-05    0.001215     0.0129   14
  22     -11.00244989    -9.68e-06    0.001488     0.0066   15
  23     -11.00245615    -6.26e-06    0.000793     0.0045   16
  24     -11.00246473    -8.57e-06    0.000642     0.0095   14
  25     -11.00246803    -3.31e-06    0.000844     0.0040   15
  26     -11.00247216    -4.13e-06    0.000373     0.0048   15
  27     -11.00247357    -1.41e-06    0.000484     0.0016   18
  28     -11.00247800    -4.43e-06    0.000348     0.0068   15
  29     -11.00248124    -3.24e-06    0.000623     0.0058   15
  30     -11.00248392    -2.67e-06    0.000383     0.0050   15
  31     -11.00248650    -2.59e-06    0.000538     0.0053   15
  32     -11.00248803    -1.53e-06    0.000347     0.0031   16
  33     -11.00248881    -7.81e-07    0.000299     0.0016   18
  34     -11.00249045    -1.64e-06    0.000279     0.0038   15
  35     -11.00249158    -1.13e-06    0.000324     0.0027   16
  36     -11.00249229    -7.10e-07    0.000249     0.0020   17
  37     -11.00249282    -5.25e-07    0.000206     0.0017   17
  38     -11.00249337    -5.47e-07    0.000156     0.0027   16
  39     -11.00249367    -3.07e-07    0.000262     0.0016   18
  40     -11.00249384    -1.72e-07    0.000133     0.0008   19

converged: True   steps: 40   gradients: 41   line-search energies: 568   E = -11.00249384 Ha   |g|max = 0.000090
